================================================================================
完整数据迁移到 ClickHouse
================================================================================

1. 连接数据库...
✅ 数据库连接成功

================================================================================
迁移表: companies
================================================================================
PostgreSQL: 50,000 条
ClickHouse: 10,000 条
⚠️ ClickHouse 表已有数据
正在清空表...
✅ 表已清空
批次大小: 100,000
总批次数: 1

批次 1/1 | 已迁移: 50,000/50,000 (100.0%) | 速度: 2,735 条/秒 | 预计剩余: 0.0 分钟

✅ 迁移完成
   PostgreSQL: 50,000 条
   ClickHouse: 50,000 条
   ✅ 数据验证通过

================================================================================
迁移表: vessels
================================================================================
PostgreSQL: 140,000 条
ClickHouse: 10,000 条
⚠️ ClickHouse 表已有数据
正在清空表...
✅ 表已清空
批次大小: 100,000
总批次数: 2

批次 1/2 | 已迁移: 100,000/140,000 (71.4%) | 速度: 3,081 条/秒 | 预计剩余: 0.2 分钟
批次 2/2 | 已迁移: 140,000/140,000 (100.0%) | 速度: 1,330 条/秒 | 预计剩余: 0.0 分钟

✅ 迁移完成
   PostgreSQL: 140,000 条
   ClickHouse: 140,000 条
   ✅ 数据验证通过

================================================================================
迁移表: vessel_risk_history
================================================================================
PostgreSQL: 30,000,000 条
ClickHouse: 0 条
批次大小: 100,000
总批次数: 300

批次 1/300 | 已迁移: 100,000/30,000,000 (0.3%) | 速度: 1,550 条/秒 | 预计剩余: 321.6 分钟
批次 2/300 | 已迁移: 200,000/30,000,000 (0.7%) | 速度: 1,361 条/秒 | 预计剩余: 365.0 分钟
批次 3/300 | 已迁移: 300,000/30,000,000 (1.0%) | 速度: 1,224 条/秒 | 预计剩余: 404.4 分钟
批次 4/300 | 已迁移: 400,000/30,000,000 (1.3%) | 速度: 1,113 条/秒 | 预计剩余: 443.3 分钟
批次 5/300 | 已迁移: 500,000/30,000,000 (1.7%) | 速度: 1,066 条/秒 | 预计剩余: 461.1 分钟
批次 6/300 | 已迁移: 600,000/30,000,000 (2.0%) | 速度: 1,087 条/秒 | 预计剩余: 450.7 分钟
批次 7/300 | 已迁移: 700,000/30,000,000 (2.3%) | 速度: 1,104 条/秒 | 预计剩余: 442.2 分钟
批次 8/300 | 已迁移: 800,000/30,000,000 (2.7%) | 速度: 1,144 条/秒 | 预计剩余: 425.6 分钟
批次 9/300 | 已迁移: 900,000/30,000,000 (3.0%) | 速度: 1,249 条/秒 | 预计剩余: 388.3 分钟
批次 10/300 | 已迁移: 1,000,000/30,000,000 (3.3%) | 速度: 1,296 条/秒 | 预计剩余: 372.9 分钟
批次 11/300 | 已迁移: 1,100,000/30,000,000 (3.7%) | 速度: 1,385 条/秒 | 预计剩余: 347.7 分钟
批次 12/300 | 已迁移: 1,200,000/30,000,000 (4.0%) | 速度: 1,324 条/秒 | 预计剩余: 362.5 分钟
批次 13/300 | 已迁移: 1,300,000/30,000,000 (4.3%) | 速度: 1,263 条/秒 | 预计剩余: 378.8 分钟
批次 14/300 | 已迁移: 1,400,000/30,000,000 (4.7%) | 速度: 1,185 条/秒 | 预计剩余: 402.2 分钟
批次 15/300 | 已迁移: 1,500,000/30,000,000 (5.0%) | 速度: 1,151 条/秒 | 预计剩余: 412.6 分钟
批次 16/300 | 已迁移: 1,600,000/30,000,000 (5.3%) | 速度: 1,150 条/秒 | 预计剩余: 411.5 分钟
批次 17/300 | 已迁移: 1,700,000/30,000,000 (5.7%) | 速度: 1,097 条/秒 | 预计剩余: 429.9 分钟
批次 18/300 | 已迁移: 1,800,000/30,000,000 (6.0%) | 速度: 1,127 条/秒 | 预计剩余: 417.0 分钟
批次 19/300 | 已迁移: 1,900,000/30,000,000 (6.3%) | 速度: 1,108 条/秒 | 预计剩余: 422.6 分钟
批次 20/300 | 已迁移: 2,000,000/30,000,000 (6.7%) | 速度: 1,107 条/秒 | 预计剩余: 421.4 分钟
批次 21/300 | 已迁移: 2,100,000/30,000,000 (7.0%) | 速度: 1,145 条/秒 | 预计剩余: 406.0 分钟
批次 22/300 | 已迁移: 2,200,000/30,000,000 (7.3%) | 速度: 1,120 条/秒 | 预计剩余: 413.7 分钟
批次 23/300 | 已迁移: 2,300,000/30,000,000 (7.7%) | 速度: 1,112 条/秒 | 预计剩余: 415.2 分钟
批次 24/300 | 已迁移: 2,400,000/30,000,000 (8.0%) | 速度: 1,098 条/秒 | 预计剩余: 418.8 分钟
批次 25/300 | 已迁移: 2,500,000/30,000,000 (8.3%) | 速度: 1,090 条/秒 | 预计剩余: 420.6 分钟
批次 26/300 | 已迁移: 2,600,000/30,000,000 (8.7%) | 速度: 1,072 条/秒 | 预计剩余: 426.1 分钟
批次 27/300 | 已迁移: 2,700,000/30,000,000 (9.0%) | 速度: 1,057 条/秒 | 预计剩余: 430.5 分钟
批次 28/300 | 已迁移: 2,800,000/30,000,000 (9.3%) | 速度: 1,076 条/秒 | 预计剩余: 421.4 分钟
批次 29/300 | 已迁移: 2,900,000/30,000,000 (9.7%) | 速度: 1,093 条/秒 | 预计剩余: 413.3 分钟
批次 30/300 | 已迁移: 3,000,000/30,000,000 (10.0%) | 速度: 1,100 条/秒 | 预计剩余: 409.2 分钟
批次 31/300 | 已迁移: 3,100,000/30,000,000 (10.3%) | 速度: 1,124 条/秒 | 预计剩余: 399.0 分钟
批次 32/300 | 已迁移: 3,200,000/30,000,000 (10.7%) | 速度: 1,142 条/秒 | 预计剩余: 391.0 分钟
批次 33/300 | 已迁移: 3,300,000/30,000,000 (11.0%) | 速度: 1,143 条/秒 | 预计剩余: 389.2 分钟
批次 34/300 | 已迁移: 3,400,000/30,000,000 (11.3%) | 速度: 1,141 条/秒 | 预计剩余: 388.4 分钟
批次 35/300 | 已迁移: 3,500,000/30,000,000 (11.7%) | 速度: 1,155 条/秒 | 预计剩余: 382.3 分钟
批次 36/300 | 已迁移: 3,600,000/30,000,000 (12.0%) | 速度: 1,170 条/秒 | 预计剩余: 375.9 分钟
批次 37/300 | 已迁移: 3,700,000/30,000,000 (12.3%) | 速度: 1,175 条/秒 | 预计剩余: 373.0 分钟
批次 38/300 | 已迁移: 3,800,000/30,000,000 (12.7%) | 速度: 1,194 条/秒 | 预计剩余: 365.7 分钟
批次 39/300 | 已迁移: 3,900,000/30,000,000 (13.0%) | 速度: 1,180 条/秒 | 预计剩余: 368.6 分钟
批次 40/300 | 已迁移: 4,000,000/30,000,000 (13.3%) | 速度: 1,201 条/秒 | 预计剩余: 361.0 分钟
批次 41/300 | 已迁移: 4,100,000/30,000,000 (13.7%) | 速度: 1,190 条/秒 | 预计剩余: 362.6 分钟
批次 42/300 | 已迁移: 4,200,000/30,000,000 (14.0%) | 速度: 1,202 条/秒 | 预计剩余: 357.8 分钟
批次 43/300 | 已迁移: 4,300,000/30,000,000 (14.3%) | 速度: 1,199 条/秒 | 预计剩余: 357.2 分钟
批次 44/300 | 已迁移: 4,400,000/30,000,000 (14.7%) | 速度: 1,187 条/秒 | 预计剩余: 359.5 分钟
批次 45/300 | 已迁移: 4,500,000/30,000,000 (15.0%) | 速度: 1,171 条/秒 | 预计剩余: 363.0 分钟
批次 46/300 | 已迁移: 4,600,000/30,000,000 (15.3%) | 速度: 1,164 条/秒 | 预计剩余: 363.8 分钟
批次 47/300 | 已迁移: 4,700,000/30,000,000 (15.7%) | 速度: 1,148 条/秒 | 预计剩余: 367.5 分钟
批次 48/300 | 已迁移: 4,800,000/30,000,000 (16.0%) | 速度: 1,133 条/秒 | 预计剩余: 370.8 分钟
批次 49/300 | 已迁移: 4,900,000/30,000,000 (16.3%) | 速度: 1,126 条/秒 | 预计剩余: 371.5 分钟
批次 50/300 | 已迁移: 5,000,000/30,000,000 (16.7%) | 速度: 1,113 条/秒 | 预计剩余: 374.5 分钟
批次 51/300 | 已迁移: 5,100,000/30,000,000 (17.0%) | 速度: 1,124 条/秒 | 预计剩余: 369.4 分钟
批次 52/300 | 已迁移: 5,200,000/30,000,000 (17.3%) | 速度: 1,114 条/秒 | 预计剩余: 370.9 分钟
批次 53/300 | 已迁移: 5,300,000/30,000,000 (17.7%) | 速度: 1,107 条/秒 | 预计剩余: 371.7 分钟
批次 54/300 | 已迁移: 5,400,000/30,000,000 (18.0%) | 速度: 1,118 条/秒 | 预计剩余: 366.6 分钟
批次 55/300 | 已迁移: 5,500,000/30,000,000 (18.3%) | 速度: 1,104 条/秒 | 预计剩余: 369.9 分钟
批次 56/300 | 已迁移: 5,600,000/30,000,000 (18.7%) | 速度: 1,100 条/秒 | 预计剩余: 369.8 分钟
批次 57/300 | 已迁移: 5,700,000/30,000,000 (19.0%) | 速度: 1,102 条/秒 | 预计剩余: 367.6 分钟
批次 58/300 | 已迁移: 5,800,000/30,000,000 (19.3%) | 速度: 1,107 条/秒 | 预计剩余: 364.3 分钟
批次 59/300 | 已迁移: 5,900,000/30,000,000 (19.7%) | 速度: 1,100 条/秒 | 预计剩余: 365.0 分钟
批次 60/300 | 已迁移: 6,000,000/30,000,000 (20.0%) | 速度: 1,096 条/秒 | 预计剩余: 365.1 分钟
批次 61/300 | 已迁移: 6,100,000/30,000,000 (20.3%) | 速度: 1,080 条/秒 | 预计剩余: 368.8 分钟
批次 62/300 | 已迁移: 6,200,000/30,000,000 (20.7%) | 速度: 1,083 条/秒 | 预计剩余: 366.1 分钟
批次 63/300 | 已迁移: 6,300,000/30,000,000 (21.0%) | 速度: 1,093 条/秒 | 预计剩余: 361.5 分钟
批次 64/300 | 已迁移: 6,400,000/30,000,000 (21.3%) | 速度: 1,092 条/秒 | 预计剩余: 360.3 分钟
批次 65/300 | 已迁移: 6,500,000/30,000,000 (21.7%) | 速度: 1,090 条/秒 | 预计剩余: 359.2 分钟
批次 66/300 | 已迁移: 6,600,000/30,000,000 (22.0%) | 速度: 1,078 条/秒 | 预计剩余: 361.6 分钟
批次 67/300 | 已迁移: 6,700,000/30,000,000 (22.3%) | 速度: 1,077 条/秒 | 预计剩余: 360.5 分钟
批次 68/300 | 已迁移: 6,800,000/30,000,000 (22.7%) | 速度: 1,070 条/秒 | 预计剩余: 361.3 分钟
批次 69/300 | 已迁移: 6,900,000/30,000,000 (23.0%) | 速度: 1,068 条/秒 | 预计剩余: 360.5 分钟
批次 70/300 | 已迁移: 7,000,000/30,000,000 (23.3%) | 速度: 1,068 条/秒 | 预计剩余: 359.0 分钟
批次 71/300 | 已迁移: 7,100,000/30,000,000 (23.7%) | 速度: 1,079 条/秒 | 预计剩余: 353.8 分钟
批次 72/300 | 已迁移: 7,200,000/30,000,000 (24.0%) | 速度: 1,068 条/秒 | 预计剩余: 355.9 分钟
批次 73/300 | 已迁移: 7,300,000/30,000,000 (24.3%) | 速度: 1,065 条/秒 | 预计剩余: 355.2 分钟
批次 74/300 | 已迁移: 7,400,000/30,000,000 (24.7%) | 速度: 1,075 条/秒 | 预计剩余: 350.5 分钟
批次 75/300 | 已迁移: 7,500,000/30,000,000 (25.0%) | 速度: 1,072 条/秒 | 预计剩余: 349.8 分钟
批次 76/300 | 已迁移: 7,600,000/30,000,000 (25.3%) | 速度: 1,067 条/秒 | 预计剩余: 349.8 分钟
批次 77/300 | 已迁移: 7,700,000/30,000,000 (25.7%) | 速度: 1,063 条/秒 | 预计剩余: 349.6 分钟
批次 78/300 | 已迁移: 7,800,000/30,000,000 (26.0%) | 速度: 1,061 条/秒 | 预计剩余: 348.6 分钟
批次 79/300 | 已迁移: 7,900,000/30,000,000 (26.3%) | 速度: 1,063 条/秒 | 预计剩余: 346.6 分钟
批次 80/300 | 已迁移: 8,000,000/30,000,000 (26.7%) | 速度: 1,057 条/秒 | 预计剩余: 346.9 分钟
批次 81/300 | 已迁移: 8,100,000/30,000,000 (27.0%) | 速度: 1,050 条/秒 | 预计剩余: 347.6 分钟
批次 82/300 | 已迁移: 8,200,000/30,000,000 (27.3%) | 速度: 1,058 条/秒 | 预计剩余: 343.4 分钟
批次 83/300 | 已迁移: 8,300,000/30,000,000 (27.7%) | 速度: 1,054 条/秒 | 预计剩余: 343.3 分钟
批次 84/300 | 已迁移: 8,400,000/30,000,000 (28.0%) | 速度: 1,053 条/秒 | 预计剩余: 342.0 分钟
批次 85/300 | 已迁移: 8,500,000/30,000,000 (28.3%) | 速度: 1,056 条/秒 | 预计剩余: 339.2 分钟
批次 86/300 | 已迁移: 8,600,000/30,000,000 (28.7%) | 速度: 1,054 条/秒 | 预计剩余: 338.2 分钟
批次 87/300 | 已迁移: 8,700,000/30,000,000 (29.0%) | 速度: 1,054 条/秒 | 预计剩余: 336.8 分钟
批次 88/300 | 已迁移: 8,800,000/30,000,000 (29.3%) | 速度: 1,048 条/秒 | 预计剩余: 337.3 分钟
批次 89/300 | 已迁移: 8,900,000/30,000,000 (29.7%) | 速度: 1,054 条/秒 | 预计剩余: 333.5 分钟
批次 90/300 | 已迁移: 9,000,000/30,000,000 (30.0%) | 速度: 1,045 条/秒 | 预计剩余: 334.8 分钟
批次 91/300 | 已迁移: 9,100,000/30,000,000 (30.3%) | 速度: 1,039 条/秒 | 预计剩余: 335.1 分钟
批次 92/300 | 已迁移: 9,200,000/30,000,000 (30.7%) | 速度: 1,037 条/秒 | 预计剩余: 334.4 分钟
批次 93/300 | 已迁移: 9,300,000/30,000,000 (31.0%) | 速度: 1,033 条/秒 | 预计剩余: 333.8 分钟
批次 94/300 | 已迁移: 9,400,000/30,000,000 (31.3%) | 速度: 1,028 条/秒 | 预计剩余: 334.1 分钟
批次 95/300 | 已迁移: 9,500,000/30,000,000 (31.7%) | 速度: 1,029 条/秒 | 预计剩余: 332.0 分钟
批次 96/300 | 已迁移: 9,600,000/30,000,000 (32.0%) | 速度: 1,023 条/秒 | 预计剩余: 332.3 分钟
批次 97/300 | 已迁移: 9,700,000/30,000,000 (32.3%) | 速度: 1,026 条/秒 | 预计剩余: 329.7 分钟
批次 98/300 | 已迁移: 9,800,000/30,000,000 (32.7%) | 速度: 1,031 条/秒 | 预计剩余: 326.7 分钟
批次 99/300 | 已迁移: 9,900,000/30,000,000 (33.0%) | 速度: 1,026 条/秒 | 预计剩余: 326.5 分钟
批次 100/300 | 已迁移: 10,000,000/30,000,000 (33.3%) | 速度: 1,030 条/秒 | 预计剩余: 323.8 分钟
批次 101/300 | 已迁移: 10,100,000/30,000,000 (33.7%) | 速度: 1,030 条/秒 | 预计剩余: 321.9 分钟
批次 102/300 | 已迁移: 10,200,000/30,000,000 (34.0%) | 速度: 1,036 条/秒 | 预计剩余: 318.5 分钟
批次 103/300 | 已迁移: 10,300,000/30,000,000 (34.3%) | 速度: 1,043 条/秒 | 预计剩余: 314.8 分钟
批次 104/300 | 已迁移: 10,400,000/30,000,000 (34.7%) | 速度: 1,048 条/秒 | 预计剩余: 311.7 分钟
批次 105/300 | 已迁移: 10,500,000/30,000,000 (35.0%) | 速度: 1,050 条/秒 | 预计剩余: 309.4 分钟
批次 106/300 | 已迁移: 10,600,000/30,000,000 (35.3%) | 速度: 1,048 条/秒 | 预计剩余: 308.6 分钟
批次 107/300 | 已迁移: 10,700,000/30,000,000 (35.7%) | 速度: 1,043 条/秒 | 预计剩余: 308.5 分钟
批次 108/300 | 已迁移: 10,800,000/30,000,000 (36.0%) | 速度: 1,044 条/秒 | 预计剩余: 306.6 分钟
批次 109/300 | 已迁移: 10,900,000/30,000,000 (36.3%) | 速度: 1,040 条/秒 | 预计剩余: 306.0 分钟
批次 110/300 | 已迁移: 11,000,000/30,000,000 (36.7%) | 速度: 1,046 条/秒 | 预计剩余: 302.8 分钟
批次 111/300 | 已迁移: 11,100,000/30,000,000 (37.0%) | 速度: 1,053 条/秒 | 预计剩余: 299.1 分钟
批次 112/300 | 已迁移: 11,200,000/30,000,000 (37.3%) | 速度: 1,061 条/秒 | 预计剩余: 295.4 分钟
批次 113/300 | 已迁移: 11,300,000/30,000,000 (37.7%) | 速度: 1,068 条/秒 | 预计剩余: 291.7 分钟
批次 114/300 | 已迁移: 11,400,000/30,000,000 (38.0%) | 速度: 1,076 条/秒 | 预计剩余: 288.1 分钟
批次 115/300 | 已迁移: 11,500,000/30,000,000 (38.3%) | 速度: 1,084 条/秒 | 预计剩余: 284.5 分钟
批次 116/300 | 已迁移: 11,600,000/30,000,000 (38.7%) | 速度: 1,091 条/秒 | 预计剩余: 281.0 分钟
批次 117/300 | 已迁移: 11,700,000/30,000,000 (39.0%) | 速度: 1,099 条/秒 | 预计剩余: 277.6 分钟
批次 118/300 | 已迁移: 11,800,000/30,000,000 (39.3%) | 速度: 1,106 条/秒 | 预计剩余: 274.2 分钟
批次 119/300 | 已迁移: 11,900,000/30,000,000 (39.7%) | 速度: 1,114 条/秒 | 预计剩余: 270.9 分钟
批次 120/300 | 已迁移: 12,000,000/30,000,000 (40.0%) | 速度: 1,121 条/秒 | 预计剩余: 267.6 分钟
批次 121/300 | 已迁移: 12,100,000/30,000,000 (40.3%) | 速度: 1,128 条/秒 | 预计剩余: 264.4 分钟
批次 122/300 | 已迁移: 12,200,000/30,000,000 (40.7%) | 速度: 1,135 条/秒 | 预计剩余: 261.3 分钟
批次 123/300 | 已迁移: 12,300,000/30,000,000 (41.0%) | 速度: 1,143 条/秒 | 预计剩余: 258.2 分钟
批次 124/300 | 已迁移: 12,400,000/30,000,000 (41.3%) | 速度: 1,150 条/秒 | 预计剩余: 255.2 分钟
批次 125/300 | 已迁移: 12,500,000/30,000,000 (41.7%) | 速度: 1,157 条/秒 | 预计剩余: 252.2 分钟
批次 126/300 | 已迁移: 12,600,000/30,000,000 (42.0%) | 速度: 1,164 条/秒 | 预计剩余: 249.2 分钟
批次 127/300 | 已迁移: 12,700,000/30,000,000 (42.3%) | 速度: 1,171 条/秒 | 预计剩余: 246.2 分钟
批次 128/300 | 已迁移: 12,800,000/30,000,000 (42.7%) | 速度: 1,178 条/秒 | 预计剩余: 243.3 分钟
批次 129/300 | 已迁移: 12,900,000/30,000,000 (43.0%) | 速度: 1,185 条/秒 | 预计剩余: 240.5 分钟
批次 130/300 | 已迁移: 13,000,000/30,000,000 (43.3%) | 速度: 1,192 条/秒 | 预计剩余: 237.6 分钟
批次 131/300 | 已迁移: 13,100,000/30,000,000 (43.7%) | 速度: 1,199 条/秒 | 预计剩余: 234.9 分钟
批次 132/300 | 已迁移: 13,200,000/30,000,000 (44.0%) | 速度: 1,206 条/秒 | 预计剩余: 232.2 分钟
批次 133/300 | 已迁移: 13,300,000/30,000,000 (44.3%) | 速度: 1,213 条/秒 | 预计剩余: 229.5 分钟
批次 134/300 | 已迁移: 13,400,000/30,000,000 (44.7%) | 速度: 1,219 条/秒 | 预计剩余: 226.9 分钟
批次 135/300 | 已迁移: 13,500,000/30,000,000 (45.0%) | 速度: 1,226 条/秒 | 预计剩余: 224.4 分钟
批次 136/300 | 已迁移: 13,600,000/30,000,000 (45.3%) | 速度: 1,232 条/秒 | 预计剩余: 221.8 分钟
批次 137/300 | 已迁移: 13,700,000/30,000,000 (45.7%) | 速度: 1,239 条/秒 | 预计剩余: 219.3 分钟
批次 138/300 | 已迁移: 13,800,000/30,000,000 (46.0%) | 速度: 1,245 条/秒 | 预计剩余: 216.8 分钟
批次 139/300 | 已迁移: 13,900,000/30,000,000 (46.3%) | 速度: 1,252 条/秒 | 预计剩余: 214.3 分钟
批次 140/300 | 已迁移: 14,000,000/30,000,000 (46.7%) | 速度: 1,258 条/秒 | 预计剩余: 212.0 分钟
批次 141/300 | 已迁移: 14,100,000/30,000,000 (47.0%) | 速度: 1,264 条/秒 | 预计剩余: 209.6 分钟
批次 142/300 | 已迁移: 14,200,000/30,000,000 (47.3%) | 速度: 1,270 条/秒 | 预计剩余: 207.3 分钟
批次 143/300 | 已迁移: 14,300,000/30,000,000 (47.7%) | 速度: 1,276 条/秒 | 预计剩余: 205.1 分钟
批次 144/300 | 已迁移: 14,400,000/30,000,000 (48.0%) | 速度: 1,282 条/秒 | 预计剩余: 202.8 分钟
批次 145/300 | 已迁移: 14,500,000/30,000,000 (48.3%) | 速度: 1,288 条/秒 | 预计剩余: 200.6 分钟
批次 146/300 | 已迁移: 14,600,000/30,000,000 (48.7%) | 速度: 1,294 条/秒 | 预计剩余: 198.3 分钟
批次 147/300 | 已迁移: 14,700,000/30,000,000 (49.0%) | 速度: 1,300 条/秒 | 预计剩余: 196.1 分钟
批次 148/300 | 已迁移: 14,800,000/30,000,000 (49.3%) | 速度: 1,306 条/秒 | 预计剩余: 194.0 分钟
批次 149/300 | 已迁移: 14,900,000/30,000,000 (49.7%) | 速度: 1,312 条/秒 | 预计剩余: 191.8 分钟
批次 150/300 | 已迁移: 15,000,000/30,000,000 (50.0%) | 速度: 1,318 条/秒 | 预计剩余: 189.7 分钟
批次 151/300 | 已迁移: 15,100,000/30,000,000 (50.3%) | 速度: 1,324 条/秒 | 预计剩余: 187.6 分钟
批次 152/300 | 已迁移: 15,200,000/30,000,000 (50.7%) | 速度: 1,330 条/秒 | 预计剩余: 185.5 分钟
批次 153/300 | 已迁移: 15,300,000/30,000,000 (51.0%) | 速度: 1,336 条/秒 | 预计剩余: 183.4 分钟
批次 154/300 | 已迁移: 15,400,000/30,000,000 (51.3%) | 速度: 1,342 条/秒 | 预计剩余: 181.4 分钟
批次 155/300 | 已迁移: 15,500,000/30,000,000 (51.7%) | 速度: 1,348 条/秒 | 预计剩余: 179.3 分钟
批次 156/300 | 已迁移: 15,600,000/30,000,000 (52.0%) | 速度: 1,354 条/秒 | 预计剩余: 177.3 分钟
批次 157/300 | 已迁移: 15,700,000/30,000,000 (52.3%) | 速度: 1,360 条/秒 | 预计剩余: 175.3 分钟
批次 158/300 | 已迁移: 15,800,000/30,000,000 (52.7%) | 速度: 1,365 条/秒 | 预计剩余: 173.3 分钟
批次 159/300 | 已迁移: 15,900,000/30,000,000 (53.0%) | 速度: 1,371 条/秒 | 预计剩余: 171.4 分钟
批次 160/300 | 已迁移: 16,000,000/30,000,000 (53.3%) | 速度: 1,377 条/秒 | 预计剩余: 169.4 分钟
批次 161/300 | 已迁移: 16,100,000/30,000,000 (53.7%) | 速度: 1,383 条/秒 | 预计剩余: 167.5 分钟
批次 162/300 | 已迁移: 16,200,000/30,000,000 (54.0%) | 速度: 1,389 条/秒 | 预计剩余: 165.6 分钟
批次 163/300 | 已迁移: 16,300,000/30,000,000 (54.3%) | 速度: 1,394 条/秒 | 预计剩余: 163.8 分钟
批次 164/300 | 已迁移: 16,400,000/30,000,000 (54.7%) | 速度: 1,400 条/秒 | 预计剩余: 161.9 分钟
批次 165/300 | 已迁移: 16,500,000/30,000,000 (55.0%) | 速度: 1,406 条/秒 | 预计剩余: 160.1 分钟
批次 166/300 | 已迁移: 16,600,000/30,000,000 (55.3%) | 速度: 1,411 条/秒 | 预计剩余: 158.3 分钟
批次 167/300 | 已迁移: 16,700,000/30,000,000 (55.7%) | 速度: 1,417 条/秒 | 预计剩余: 156.4 分钟
批次 168/300 | 已迁移: 16,800,000/30,000,000 (56.0%) | 速度: 1,423 条/秒 | 预计剩余: 154.7 分钟
批次 169/300 | 已迁移: 16,900,000/30,000,000 (56.3%) | 速度: 1,428 条/秒 | 预计剩余: 152.9 分钟
批次 170/300 | 已迁移: 17,000,000/30,000,000 (56.7%) | 速度: 1,434 条/秒 | 预计剩余: 151.1 分钟
批次 171/300 | 已迁移: 17,100,000/30,000,000 (57.0%) | 速度: 1,439 条/秒 | 预计剩余: 149.4 分钟
批次 172/300 | 已迁移: 17,200,000/30,000,000 (57.3%) | 速度: 1,445 条/秒 | 预计剩余: 147.7 分钟
批次 173/300 | 已迁移: 17,300,000/30,000,000 (57.7%) | 速度: 1,450 条/秒 | 预计剩余: 146.0 分钟
批次 174/300 | 已迁移: 17,400,000/30,000,000 (58.0%) | 速度: 1,456 条/秒 | 预计剩余: 144.3 分钟
批次 175/300 | 已迁移: 17,500,000/30,000,000 (58.3%) | 速度: 1,461 条/秒 | 预计剩余: 142.6 分钟
批次 176/300 | 已迁移: 17,600,000/30,000,000 (58.7%) | 速度: 1,466 条/秒 | 预计剩余: 140.9 分钟
批次 177/300 | 已迁移: 17,700,000/30,000,000 (59.0%) | 速度: 1,472 条/秒 | 预计剩余: 139.3 分钟
批次 178/300 | 已迁移: 17,800,000/30,000,000 (59.3%) | 速度: 1,477 条/秒 | 预计剩余: 137.7 分钟
批次 179/300 | 已迁移: 17,900,000/30,000,000 (59.7%) | 速度: 1,482 条/秒 | 预计剩余: 136.0 分钟
批次 180/300 | 已迁移: 18,000,000/30,000,000 (60.0%) | 速度: 1,488 条/秒 | 预计剩余: 134.4 分钟
批次 181/300 | 已迁移: 18,100,000/30,000,000 (60.3%) | 速度: 1,493 条/秒 | 预计剩余: 132.9 分钟
批次 182/300 | 已迁移: 18,200,000/30,000,000 (60.7%) | 速度: 1,498 条/秒 | 预计剩余: 131.3 分钟
批次 183/300 | 已迁移: 18,300,000/30,000,000 (61.0%) | 速度: 1,503 条/秒 | 预计剩余: 129.7 分钟
批次 184/300 | 已迁移: 18,400,000/30,000,000 (61.3%) | 速度: 1,508 条/秒 | 预计剩余: 128.2 分钟
批次 185/300 | 已迁移: 18,500,000/30,000,000 (61.7%) | 速度: 1,513 条/秒 | 预计剩余: 126.7 分钟
批次 186/300 | 已迁移: 18,600,000/30,000,000 (62.0%) | 速度: 1,518 条/秒 | 预计剩余: 125.1 分钟
批次 187/300 | 已迁移: 18,700,000/30,000,000 (62.3%) | 速度: 1,523 条/秒 | 预计剩余: 123.6 分钟
批次 188/300 | 已迁移: 18,800,000/30,000,000 (62.7%) | 速度: 1,528 条/秒 | 预计剩余: 122.1 分钟
批次 189/300 | 已迁移: 18,900,000/30,000,000 (63.0%) | 速度: 1,533 条/秒 | 预计剩余: 120.7 分钟
批次 190/300 | 已迁移: 19,000,000/30,000,000 (63.3%) | 速度: 1,538 条/秒 | 预计剩余: 119.2 分钟
批次 191/300 | 已迁移: 19,100,000/30,000,000 (63.7%) | 速度: 1,543 条/秒 | 预计剩余: 117.7 分钟
批次 192/300 | 已迁移: 19,200,000/30,000,000 (64.0%) | 速度: 1,548 条/秒 | 预计剩余: 116.3 分钟
批次 193/300 | 已迁移: 19,300,000/30,000,000 (64.3%) | 速度: 1,553 条/秒 | 预计剩余: 114.8 分钟
批次 194/300 | 已迁移: 19,400,000/30,000,000 (64.7%) | 速度: 1,558 条/秒 | 预计剩余: 113.4 分钟
批次 195/300 | 已迁移: 19,500,000/30,000,000 (65.0%) | 速度: 1,562 条/秒 | 预计剩余: 112.0 分钟
批次 196/300 | 已迁移: 19,600,000/30,000,000 (65.3%) | 速度: 1,567 条/秒 | 预计剩余: 110.6 分钟
批次 197/300 | 已迁移: 19,700,000/30,000,000 (65.7%) | 速度: 1,572 条/秒 | 预计剩余: 109.2 分钟
批次 198/300 | 已迁移: 19,800,000/30,000,000 (66.0%) | 速度: 1,577 条/秒 | 预计剩余: 107.8 分钟
批次 199/300 | 已迁移: 19,900,000/30,000,000 (66.3%) | 速度: 1,582 条/秒 | 预计剩余: 106.4 分钟
批次 200/300 | 已迁移: 20,000,000/30,000,000 (66.7%) | 速度: 1,586 条/秒 | 预计剩余: 105.1 分钟
批次 201/300 | 已迁移: 20,100,000/30,000,000 (67.0%) | 速度: 1,591 条/秒 | 预计剩余: 103.7 分钟
批次 202/300 | 已迁移: 20,200,000/30,000,000 (67.3%) | 速度: 1,596 条/秒 | 预计剩余: 102.4 分钟
批次 203/300 | 已迁移: 20,300,000/30,000,000 (67.7%) | 速度: 1,600 条/秒 | 预计剩余: 101.0 分钟
批次 204/300 | 已迁移: 20,400,000/30,000,000 (68.0%) | 速度: 1,605 条/秒 | 预计剩余: 99.7 分钟
批次 205/300 | 已迁移: 20,500,000/30,000,000 (68.3%) | 速度: 1,610 条/秒 | 预计剩余: 98.4 分钟
批次 206/300 | 已迁移: 20,600,000/30,000,000 (68.7%) | 速度: 1,614 条/秒 | 预计剩余: 97.0 分钟
批次 207/300 | 已迁移: 20,700,000/30,000,000 (69.0%) | 速度: 1,619 条/秒 | 预计剩余: 95.7 分钟
批次 208/300 | 已迁移: 20,800,000/30,000,000 (69.3%) | 速度: 1,623 条/秒 | 预计剩余: 94.5 分钟
批次 209/300 | 已迁移: 20,900,000/30,000,000 (69.7%) | 速度: 1,628 条/秒 | 预计剩余: 93.2 分钟
批次 210/300 | 已迁移: 21,000,000/30,000,000 (70.0%) | 速度: 1,632 条/秒 | 预计剩余: 91.9 分钟
批次 211/300 | 已迁移: 21,100,000/30,000,000 (70.3%) | 速度: 1,637 条/秒 | 预计剩余: 90.6 分钟
批次 212/300 | 已迁移: 21,200,000/30,000,000 (70.7%) | 速度: 1,641 条/秒 | 预计剩余: 89.4 分钟
批次 213/300 | 已迁移: 21,300,000/30,000,000 (71.0%) | 速度: 1,646 条/秒 | 预计剩余: 88.1 分钟
批次 214/300 | 已迁移: 21,400,000/30,000,000 (71.3%) | 速度: 1,650 条/秒 | 预计剩余: 86.9 分钟
批次 215/300 | 已迁移: 21,500,000/30,000,000 (71.7%) | 速度: 1,654 条/秒 | 预计剩余: 85.6 分钟
批次 216/300 | 已迁移: 21,600,000/30,000,000 (72.0%) | 速度: 1,659 条/秒 | 预计剩余: 84.4 分钟
批次 217/300 | 已迁移: 21,700,000/30,000,000 (72.3%) | 速度: 1,663 条/秒 | 预计剩余: 83.2 分钟
批次 218/300 | 已迁移: 21,800,000/30,000,000 (72.7%) | 速度: 1,667 条/秒 | 预计剩余: 82.0 分钟
批次 219/300 | 已迁移: 21,900,000/30,000,000 (73.0%) | 速度: 1,672 条/秒 | 预计剩余: 80.8 分钟
批次 220/300 | 已迁移: 22,000,000/30,000,000 (73.3%) | 速度: 1,676 条/秒 | 预计剩余: 79.6 分钟
批次 221/300 | 已迁移: 22,100,000/30,000,000 (73.7%) | 速度: 1,680 条/秒 | 预计剩余: 78.4 分钟
批次 222/300 | 已迁移: 22,200,000/30,000,000 (74.0%) | 速度: 1,684 条/秒 | 预计剩余: 77.2 分钟
批次 223/300 | 已迁移: 22,300,000/30,000,000 (74.3%) | 速度: 1,689 条/秒 | 预计剩余: 76.0 分钟
批次 224/300 | 已迁移: 22,400,000/30,000,000 (74.7%) | 速度: 1,693 条/秒 | 预计剩余: 74.8 分钟
批次 225/300 | 已迁移: 22,500,000/30,000,000 (75.0%) | 速度: 1,697 条/秒 | 预计剩余: 73.7 分钟
批次 226/300 | 已迁移: 22,600,000/30,000,000 (75.3%) | 速度: 1,701 条/秒 | 预计剩余: 72.5 分钟
批次 227/300 | 已迁移: 22,700,000/30,000,000 (75.7%) | 速度: 1,705 条/秒 | 预计剩余: 71.4 分钟
批次 228/300 | 已迁移: 22,800,000/30,000,000 (76.0%) | 速度: 1,709 条/秒 | 预计剩余: 70.2 分钟
批次 229/300 | 已迁移: 22,900,000/30,000,000 (76.3%) | 速度: 1,713 条/秒 | 预计剩余: 69.1 分钟
批次 230/300 | 已迁移: 23,000,000/30,000,000 (76.7%) | 速度: 1,717 条/秒 | 预计剩余: 67.9 分钟
批次 231/300 | 已迁移: 23,100,000/30,000,000 (77.0%) | 速度: 1,721 条/秒 | 预计剩余: 66.8 分钟
批次 232/300 | 已迁移: 23,200,000/30,000,000 (77.3%) | 速度: 1,725 条/秒 | 预计剩余: 65.7 分钟
批次 233/300 | 已迁移: 23,300,000/30,000,000 (77.7%) | 速度: 1,729 条/秒 | 预计剩余: 64.6 分钟
批次 234/300 | 已迁移: 23,400,000/30,000,000 (78.0%) | 速度: 1,733 条/秒 | 预计剩余: 63.5 分钟
批次 235/300 | 已迁移: 23,500,000/30,000,000 (78.3%) | 速度: 1,737 条/秒 | 预计剩余: 62.4 分钟
批次 236/300 | 已迁移: 23,600,000/30,000,000 (78.7%) | 速度: 1,741 条/秒 | 预计剩余: 61.3 分钟
批次 237/300 | 已迁移: 23,700,000/30,000,000 (79.0%) | 速度: 1,744 条/秒 | 预计剩余: 60.2 分钟
批次 238/300 | 已迁移: 23,800,000/30,000,000 (79.3%) | 速度: 1,748 条/秒 | 预计剩余: 59.1 分钟
批次 239/300 | 已迁移: 23,900,000/30,000,000 (79.7%) | 速度: 1,752 条/秒 | 预计剩余: 58.0 分钟
批次 240/300 | 已迁移: 24,000,000/30,000,000 (80.0%) | 速度: 1,756 条/秒 | 预计剩余: 57.0 分钟
批次 241/300 | 已迁移: 24,100,000/30,000,000 (80.3%) | 速度: 1,759 条/秒 | 预计剩余: 55.9 分钟
批次 242/300 | 已迁移: 24,200,000/30,000,000 (80.7%) | 速度: 1,763 条/秒 | 预计剩余: 54.8 分钟
批次 243/300 | 已迁移: 24,300,000/30,000,000 (81.0%) | 速度: 1,767 条/秒 | 预计剩余: 53.8 分钟
批次 244/300 | 已迁移: 24,400,000/30,000,000 (81.3%) | 速度: 1,770 条/秒 | 预计剩余: 52.7 分钟
批次 245/300 | 已迁移: 24,500,000/30,000,000 (81.7%) | 速度: 1,774 条/秒 | 预计剩余: 51.7 分钟
批次 246/300 | 已迁移: 24,600,000/30,000,000 (82.0%) | 速度: 1,778 条/秒 | 预计剩余: 50.6 分钟
批次 247/300 | 已迁移: 24,700,000/30,000,000 (82.3%) | 速度: 1,781 条/秒 | 预计剩余: 49.6 分钟
批次 248/300 | 已迁移: 24,800,000/30,000,000 (82.7%) | 速度: 1,785 条/秒 | 预计剩余: 48.6 分钟
批次 249/300 | 已迁移: 24,900,000/30,000,000 (83.0%) | 速度: 1,788 条/秒 | 预计剩余: 47.5 分钟
批次 250/300 | 已迁移: 25,000,000/30,000,000 (83.3%) | 速度: 1,792 条/秒 | 预计剩余: 46.5 分钟
批次 251/300 | 已迁移: 25,100,000/30,000,000 (83.7%) | 速度: 1,795 条/秒 | 预计剩余: 45.5 分钟
批次 252/300 | 已迁移: 25,200,000/30,000,000 (84.0%) | 速度: 1,799 条/秒 | 预计剩余: 44.5 分钟
批次 253/300 | 已迁移: 25,300,000/30,000,000 (84.3%) | 速度: 1,802 条/秒 | 预计剩余: 43.5 分钟
批次 254/300 | 已迁移: 25,400,000/30,000,000 (84.7%) | 速度: 1,806 条/秒 | 预计剩余: 42.5 分钟
批次 255/300 | 已迁移: 25,500,000/30,000,000 (85.0%) | 速度: 1,809 条/秒 | 预计剩余: 41.5 分钟
批次 256/300 | 已迁移: 25,600,000/30,000,000 (85.3%) | 速度: 1,812 条/秒 | 预计剩余: 40.5 分钟
批次 257/300 | 已迁移: 25,700,000/30,000,000 (85.7%) | 速度: 1,816 条/秒 | 预计剩余: 39.5 分钟
批次 258/300 | 已迁移: 25,800,000/30,000,000 (86.0%) | 速度: 1,819 条/秒 | 预计剩余: 38.5 分钟
批次 259/300 | 已迁移: 25,900,000/30,000,000 (86.3%) | 速度: 1,822 条/秒 | 预计剩余: 37.5 分钟
批次 260/300 | 已迁移: 26,000,000/30,000,000 (86.7%) | 速度: 1,826 条/秒 | 预计剩余: 36.5 分钟
批次 261/300 | 已迁移: 26,100,000/30,000,000 (87.0%) | 速度: 1,829 条/秒 | 预计剩余: 35.5 分钟
批次 262/300 | 已迁移: 26,200,000/30,000,000 (87.3%) | 速度: 1,832 条/秒 | 预计剩余: 34.6 分钟
批次 263/300 | 已迁移: 26,300,000/30,000,000 (87.7%) | 速度: 1,835 条/秒 | 预计剩余: 33.6 分钟
批次 264/300 | 已迁移: 26,400,000/30,000,000 (88.0%) | 速度: 1,838 条/秒 | 预计剩余: 32.6 分钟
批次 265/300 | 已迁移: 26,500,000/30,000,000 (88.3%) | 速度: 1,842 条/秒 | 预计剩余: 31.7 分钟
批次 266/300 | 已迁移: 26,600,000/30,000,000 (88.7%) | 速度: 1,845 条/秒 | 预计剩余: 30.7 分钟
批次 267/300 | 已迁移: 26,700,000/30,000,000 (89.0%) | 速度: 1,848 条/秒 | 预计剩余: 29.8 分钟
批次 268/300 | 已迁移: 26,800,000/30,000,000 (89.3%) | 速度: 1,851 条/秒 | 预计剩余: 28.8 分钟
批次 269/300 | 已迁移: 26,900,000/30,000,000 (89.7%) | 速度: 1,854 条/秒 | 预计剩余: 27.9 分钟
批次 270/300 | 已迁移: 27,000,000/30,000,000 (90.0%) | 速度: 1,857 条/秒 | 预计剩余: 26.9 分钟
批次 271/300 | 已迁移: 27,100,000/30,000,000 (90.3%) | 速度: 1,860 条/秒 | 预计剩余: 26.0 分钟
批次 272/300 | 已迁移: 27,200,000/30,000,000 (90.7%) | 速度: 1,863 条/秒 | 预计剩余: 25.0 分钟
批次 273/300 | 已迁移: 27,300,000/30,000,000 (91.0%) | 速度: 1,866 条/秒 | 预计剩余: 24.1 分钟
批次 274/300 | 已迁移: 27,400,000/30,000,000 (91.3%) | 速度: 1,869 条/秒 | 预计剩余: 23.2 分钟
批次 275/300 | 已迁移: 27,500,000/30,000,000 (91.7%) | 速度: 1,872 条/秒 | 预计剩余: 22.3 分钟
批次 276/300 | 已迁移: 27,600,000/30,000,000 (92.0%) | 速度: 1,875 条/秒 | 预计剩余: 21.3 分钟
批次 277/300 | 已迁移: 27,700,000/30,000,000 (92.3%) | 速度: 1,878 条/秒 | 预计剩余: 20.4 分钟
批次 278/300 | 已迁移: 27,800,000/30,000,000 (92.7%) | 速度: 1,881 条/秒 | 预计剩余: 19.5 分钟
批次 279/300 | 已迁移: 27,900,000/30,000,000 (93.0%) | 速度: 1,884 条/秒 | 预计剩余: 18.6 分钟
批次 280/300 | 已迁移: 28,000,000/30,000,000 (93.3%) | 速度: 1,887 条/秒 | 预计剩余: 17.7 分钟
批次 281/300 | 已迁移: 28,100,000/30,000,000 (93.7%) | 速度: 1,890 条/秒 | 预计剩余: 16.8 分钟
批次 282/300 | 已迁移: 28,200,000/30,000,000 (94.0%) | 速度: 1,893 条/秒 | 预计剩余: 15.8 分钟
批次 283/300 | 已迁移: 28,300,000/30,000,000 (94.3%) | 速度: 1,896 条/秒 | 预计剩余: 14.9 分钟
批次 284/300 | 已迁移: 28,400,000/30,000,000 (94.7%) | 速度: 1,899 条/秒 | 预计剩余: 14.0 分钟
批次 285/300 | 已迁移: 28,500,000/30,000,000 (95.0%) | 速度: 1,902 条/秒 | 预计剩余: 13.1 分钟
批次 286/300 | 已迁移: 28,600,000/30,000,000 (95.3%) | 速度: 1,905 条/秒 | 预计剩余: 12.2 分钟
批次 287/300 | 已迁移: 28,700,000/30,000,000 (95.7%) | 速度: 1,908 条/秒 | 预计剩余: 11.4 分钟
批次 288/300 | 已迁移: 28,800,000/30,000,000 (96.0%) | 速度: 1,911 条/秒 | 预计剩余: 10.5 分钟
批次 289/300 | 已迁移: 28,900,000/30,000,000 (96.3%) | 速度: 1,913 条/秒 | 预计剩余: 9.6 分钟
批次 290/300 | 已迁移: 29,000,000/30,000,000 (96.7%) | 速度: 1,916 条/秒 | 预计剩余: 8.7 分钟
批次 291/300 | 已迁移: 29,100,000/30,000,000 (97.0%) | 速度: 1,919 条/秒 | 预计剩余: 7.8 分钟
批次 292/300 | 已迁移: 29,200,000/30,000,000 (97.3%) | 速度: 1,922 条/秒 | 预计剩余: 6.9 分钟
批次 293/300 | 已迁移: 29,300,000/30,000,000 (97.7%) | 速度: 1,925 条/秒 | 预计剩余: 6.1 分钟
批次 294/300 | 已迁移: 29,400,000/30,000,000 (98.0%) | 速度: 1,927 条/秒 | 预计剩余: 5.2 分钟
批次 295/300 | 已迁移: 29,500,000/30,000,000 (98.3%) | 速度: 1,930 条/秒 | 预计剩余: 4.3 分钟
批次 296/300 | 已迁移: 29,600,000/30,000,000 (98.7%) | 速度: 1,933 条/秒 | 预计剩余: 3.4 分钟
批次 297/300 | 已迁移: 29,700,000/30,000,000 (99.0%) | 速度: 1,935 条/秒 | 预计剩余: 2.6 分钟
批次 298/300 | 已迁移: 29,800,000/30,000,000 (99.3%) | 速度: 1,938 条/秒 | 预计剩余: 1.7 分钟
批次 299/300 | 已迁移: 29,900,000/30,000,000 (99.7%) | 速度: 1,941 条/秒 | 预计剩余: 0.9 分钟
批次 300/300 | 已迁移: 30,000,000/30,000,000 (100.0%) | 速度: 1,943 条/秒 | 预计剩余: 0.0 分钟

✅ 迁移完成
   PostgreSQL: 30,000,000 条
   ClickHouse: 30,000,000 条
   ✅ 数据验证通过

================================================================================
迁移表: risk_factor_contribution
================================================================================
PostgreSQL: 50,000,000 条
ClickHouse: 30,365,544 条
⚠️ ClickHouse 表已有数据
正在清空表...
✅ 表已清空
批次大小: 100,000
总批次数: 500

批次 1/500 | 已迁移: 100,000/50,000,000 (0.2%) | 速度: 4,949 条/秒 | 预计剩余: 168.1 分钟
批次 2/500 | 已迁移: 200,000/50,000,000 (0.4%) | 速度: 4,942 条/秒 | 预计剩余: 167.9 分钟
批次 3/500 | 已迁移: 300,000/50,000,000 (0.6%) | 速度: 4,929 条/秒 | 预计剩余: 168.0 分钟
批次 4/500 | 已迁移: 400,000/50,000,000 (0.8%) | 速度: 4,912 条/秒 | 预计剩余: 168.3 分钟
批次 5/500 | 已迁移: 500,000/50,000,000 (1.0%) | 速度: 4,902 条/秒 | 预计剩余: 168.3 分钟
批次 6/500 | 已迁移: 600,000/50,000,000 (1.2%) | 速度: 4,894 条/秒 | 预计剩余: 168.2 分钟
批次 7/500 | 已迁移: 700,000/50,000,000 (1.4%) | 速度: 4,886 条/秒 | 预计剩余: 168.2 分钟
批次 8/500 | 已迁移: 800,000/50,000,000 (1.6%) | 速度: 4,887 条/秒 | 预计剩余: 167.8 分钟
批次 9/500 | 已迁移: 900,000/50,000,000 (1.8%) | 速度: 4,885 条/秒 | 预计剩余: 167.5 分钟
批次 10/500 | 已迁移: 1,000,000/50,000,000 (2.0%) | 速度: 4,877 条/秒 | 预计剩余: 167.4 分钟
批次 11/500 | 已迁移: 1,100,000/50,000,000 (2.2%) | 速度: 4,871 条/秒 | 预计剩余: 167.3 分钟
批次 12/500 | 已迁移: 1,200,000/50,000,000 (2.4%) | 速度: 4,866 条/秒 | 预计剩余: 167.2 分钟
批次 13/500 | 已迁移: 1,300,000/50,000,000 (2.6%) | 速度: 4,863 条/秒 | 预计剩余: 166.9 分钟
批次 14/500 | 已迁移: 1,400,000/50,000,000 (2.8%) | 速度: 4,862 条/秒 | 预计剩余: 166.6 分钟
批次 15/500 | 已迁移: 1,500,000/50,000,000 (3.0%) | 速度: 4,857 条/秒 | 预计剩余: 166.4 分钟
批次 16/500 | 已迁移: 1,600,000/50,000,000 (3.2%) | 速度: 4,857 条/秒 | 预计剩余: 166.1 分钟
批次 17/500 | 已迁移: 1,700,000/50,000,000 (3.4%) | 速度: 4,850 条/秒 | 预计剩余: 166.0 分钟
批次 18/500 | 已迁移: 1,800,000/50,000,000 (3.6%) | 速度: 4,843 条/秒 | 预计剩余: 165.9 分钟
批次 19/500 | 已迁移: 1,900,000/50,000,000 (3.8%) | 速度: 4,841 条/秒 | 预计剩余: 165.6 分钟
批次 20/500 | 已迁移: 2,000,000/50,000,000 (4.0%) | 速度: 4,841 条/秒 | 预计剩余: 165.3 分钟
批次 21/500 | 已迁移: 2,100,000/50,000,000 (4.2%) | 速度: 4,840 条/秒 | 预计剩余: 164.9 分钟
批次 22/500 | 已迁移: 2,200,000/50,000,000 (4.4%) | 速度: 4,832 条/秒 | 预计剩余: 164.9 分钟
批次 23/500 | 已迁移: 2,300,000/50,000,000 (4.6%) | 速度: 4,828 条/秒 | 预计剩余: 164.7 分钟
批次 24/500 | 已迁移: 2,400,000/50,000,000 (4.8%) | 速度: 4,824 条/秒 | 预计剩余: 164.5 分钟
批次 25/500 | 已迁移: 2,500,000/50,000,000 (5.0%) | 速度: 4,821 条/秒 | 预计剩余: 164.2 分钟
批次 26/500 | 已迁移: 2,600,000/50,000,000 (5.2%) | 速度: 4,818 条/秒 | 预计剩余: 164.0 分钟
批次 27/500 | 已迁移: 2,700,000/50,000,000 (5.4%) | 速度: 4,816 条/秒 | 预计剩余: 163.7 分钟
批次 28/500 | 已迁移: 2,800,000/50,000,000 (5.6%) | 速度: 4,811 条/秒 | 预计剩余: 163.5 分钟
批次 29/500 | 已迁移: 2,900,000/50,000,000 (5.8%) | 速度: 4,812 条/秒 | 预计剩余: 163.2 分钟
批次 30/500 | 已迁移: 3,000,000/50,000,000 (6.0%) | 速度: 4,807 条/秒 | 预计剩余: 163.0 分钟
批次 31/500 | 已迁移: 3,100,000/50,000,000 (6.2%) | 速度: 4,808 条/秒 | 预计剩余: 162.6 分钟
批次 32/500 | 已迁移: 3,200,000/50,000,000 (6.4%) | 速度: 4,807 条/秒 | 预计剩余: 162.3 分钟
批次 33/500 | 已迁移: 3,300,000/50,000,000 (6.6%) | 速度: 4,804 条/秒 | 预计剩余: 162.0 分钟
批次 34/500 | 已迁移: 3,400,000/50,000,000 (6.8%) | 速度: 4,802 条/秒 | 预计剩余: 161.7 分钟
批次 35/500 | 已迁移: 3,500,000/50,000,000 (7.0%) | 速度: 4,802 条/秒 | 预计剩余: 161.4 分钟
批次 36/500 | 已迁移: 3,600,000/50,000,000 (7.2%) | 速度: 4,801 条/秒 | 预计剩余: 161.1 分钟
批次 37/500 | 已迁移: 3,700,000/50,000,000 (7.4%) | 速度: 4,799 条/秒 | 预计剩余: 160.8 分钟
批次 38/500 | 已迁移: 3,800,000/50,000,000 (7.6%) | 速度: 4,795 条/秒 | 预计剩余: 160.6 分钟
批次 39/500 | 已迁移: 3,900,000/50,000,000 (7.8%) | 速度: 4,792 条/秒 | 预计剩余: 160.3 分钟
批次 40/500 | 已迁移: 4,000,000/50,000,000 (8.0%) | 速度: 4,792 条/秒 | 预计剩余: 160.0 分钟
批次 41/500 | 已迁移: 4,100,000/50,000,000 (8.2%) | 速度: 4,791 条/秒 | 预计剩余: 159.7 分钟
批次 42/500 | 已迁移: 4,200,000/50,000,000 (8.4%) | 速度: 4,789 条/秒 | 预计剩余: 159.4 分钟
批次 43/500 | 已迁移: 4,300,000/50,000,000 (8.6%) | 速度: 4,787 条/秒 | 预计剩余: 159.1 分钟
批次 44/500 | 已迁移: 4,400,000/50,000,000 (8.8%) | 速度: 4,784 条/秒 | 预计剩余: 158.8 分钟
批次 45/500 | 已迁移: 4,500,000/50,000,000 (9.0%) | 速度: 4,783 条/秒 | 预计剩余: 158.6 分钟
批次 46/500 | 已迁移: 4,600,000/50,000,000 (9.2%) | 速度: 4,782 条/秒 | 预计剩余: 158.2 分钟
批次 47/500 | 已迁移: 4,700,000/50,000,000 (9.4%) | 速度: 4,782 条/秒 | 预计剩余: 157.9 分钟
批次 48/500 | 已迁移: 4,800,000/50,000,000 (9.6%) | 速度: 4,779 条/秒 | 预计剩余: 157.6 分钟
批次 49/500 | 已迁移: 4,900,000/50,000,000 (9.8%) | 速度: 4,776 条/秒 | 预计剩余: 157.4 分钟
批次 50/500 | 已迁移: 5,000,000/50,000,000 (10.0%) | 速度: 4,772 条/秒 | 预计剩余: 157.2 分钟
批次 51/500 | 已迁移: 5,100,000/50,000,000 (10.2%) | 速度: 4,771 条/秒 | 预计剩余: 156.9 分钟
批次 52/500 | 已迁移: 5,200,000/50,000,000 (10.4%) | 速度: 4,768 条/秒 | 预计剩余: 156.6 分钟
批次 53/500 | 已迁移: 5,300,000/50,000,000 (10.6%) | 速度: 4,767 条/秒 | 预计剩余: 156.3 分钟
批次 54/500 | 已迁移: 5,400,000/50,000,000 (10.8%) | 速度: 4,764 条/秒 | 预计剩余: 156.0 分钟
批次 55/500 | 已迁移: 5,500,000/50,000,000 (11.0%) | 速度: 4,756 条/秒 | 预计剩余: 155.9 分钟
批次 56/500 | 已迁移: 5,600,000/50,000,000 (11.2%) | 速度: 4,750 条/秒 | 预计剩余: 155.8 分钟
批次 57/500 | 已迁移: 5,700,000/50,000,000 (11.4%) | 速度: 4,748 条/秒 | 预计剩余: 155.5 分钟
批次 58/500 | 已迁移: 5,800,000/50,000,000 (11.6%) | 速度: 4,746 条/秒 | 预计剩余: 155.2 分钟
批次 59/500 | 已迁移: 5,900,000/50,000,000 (11.8%) | 速度: 4,745 条/秒 | 预计剩余: 154.9 分钟
批次 60/500 | 已迁移: 6,000,000/50,000,000 (12.0%) | 速度: 4,743 条/秒 | 预计剩余: 154.6 分钟
批次 61/500 | 已迁移: 6,100,000/50,000,000 (12.2%) | 速度: 4,740 条/秒 | 预计剩余: 154.4 分钟
批次 62/500 | 已迁移: 6,200,000/50,000,000 (12.4%) | 速度: 4,736 条/秒 | 预计剩余: 154.2 分钟
批次 63/500 | 已迁移: 6,300,000/50,000,000 (12.6%) | 速度: 4,734 条/秒 | 预计剩余: 153.8 分钟
批次 64/500 | 已迁移: 6,400,000/50,000,000 (12.8%) | 速度: 4,731 条/秒 | 预计剩余: 153.6 分钟
批次 65/500 | 已迁移: 6,500,000/50,000,000 (13.0%) | 速度: 4,721 条/秒 | 预计剩余: 153.6 分钟
批次 66/500 | 已迁移: 6,600,000/50,000,000 (13.2%) | 速度: 4,717 条/秒 | 预计剩余: 153.3 分钟
批次 67/500 | 已迁移: 6,700,000/50,000,000 (13.4%) | 速度: 4,715 条/秒 | 预计剩余: 153.1 分钟
批次 68/500 | 已迁移: 6,800,000/50,000,000 (13.6%) | 速度: 4,713 条/秒 | 预计剩余: 152.8 分钟
批次 69/500 | 已迁移: 6,900,000/50,000,000 (13.8%) | 速度: 4,711 条/秒 | 预计剩余: 152.5 分钟
批次 70/500 | 已迁移: 7,000,000/50,000,000 (14.0%) | 速度: 4,708 条/秒 | 预计剩余: 152.2 分钟
批次 71/500 | 已迁移: 7,100,000/50,000,000 (14.2%) | 速度: 4,706 条/秒 | 预计剩余: 151.9 分钟
批次 72/500 | 已迁移: 7,200,000/50,000,000 (14.4%) | 速度: 4,701 条/秒 | 预计剩余: 151.7 分钟
批次 73/500 | 已迁移: 7,300,000/50,000,000 (14.6%) | 速度: 4,700 条/秒 | 预计剩余: 151.4 分钟
批次 74/500 | 已迁移: 7,400,000/50,000,000 (14.8%) | 速度: 4,698 条/秒 | 预计剩余: 151.1 分钟
批次 75/500 | 已迁移: 7,500,000/50,000,000 (15.0%) | 速度: 4,696 条/秒 | 预计剩余: 150.8 分钟
批次 76/500 | 已迁移: 7,600,000/50,000,000 (15.2%) | 速度: 4,686 条/秒 | 预计剩余: 150.8 分钟
批次 77/500 | 已迁移: 7,700,000/50,000,000 (15.4%) | 速度: 4,683 条/秒 | 预计剩余: 150.5 分钟
批次 78/500 | 已迁移: 7,800,000/50,000,000 (15.6%) | 速度: 4,681 条/秒 | 预计剩余: 150.3 分钟
批次 79/500 | 已迁移: 7,900,000/50,000,000 (15.8%) | 速度: 4,679 条/秒 | 预计剩余: 149.9 分钟
批次 80/500 | 已迁移: 8,000,000/50,000,000 (16.0%) | 速度: 4,677 条/秒 | 预计剩余: 149.7 分钟
批次 81/500 | 已迁移: 8,100,000/50,000,000 (16.2%) | 速度: 4,663 条/秒 | 预计剩余: 149.8 分钟
批次 82/500 | 已迁移: 8,200,000/50,000,000 (16.4%) | 速度: 4,657 条/秒 | 预计剩余: 149.6 分钟
批次 83/500 | 已迁移: 8,300,000/50,000,000 (16.6%) | 速度: 4,655 条/秒 | 预计剩余: 149.3 分钟
批次 84/500 | 已迁移: 8,400,000/50,000,000 (16.8%) | 速度: 4,653 条/秒 | 预计剩余: 149.0 分钟
批次 85/500 | 已迁移: 8,500,000/50,000,000 (17.0%) | 速度: 4,652 条/秒 | 预计剩余: 148.7 分钟
批次 86/500 | 已迁移: 8,600,000/50,000,000 (17.2%) | 速度: 4,650 条/秒 | 预计剩余: 148.4 分钟
批次 87/500 | 已迁移: 8,700,000/50,000,000 (17.4%) | 速度: 4,646 条/秒 | 预计剩余: 148.1 分钟
批次 88/500 | 已迁移: 8,800,000/50,000,000 (17.6%) | 速度: 4,645 条/秒 | 预计剩余: 147.8 分钟
批次 89/500 | 已迁移: 8,900,000/50,000,000 (17.8%) | 速度: 4,643 条/秒 | 预计剩余: 147.5 分钟
批次 90/500 | 已迁移: 9,000,000/50,000,000 (18.0%) | 速度: 4,642 条/秒 | 预计剩余: 147.2 分钟
批次 91/500 | 已迁移: 9,100,000/50,000,000 (18.2%) | 速度: 4,639 条/秒 | 预计剩余: 147.0 分钟
批次 92/500 | 已迁移: 9,200,000/50,000,000 (18.4%) | 速度: 4,633 条/秒 | 预计剩余: 146.8 分钟
批次 93/500 | 已迁移: 9,300,000/50,000,000 (18.6%) | 速度: 4,632 条/秒 | 预计剩余: 146.5 分钟
批次 94/500 | 已迁移: 9,400,000/50,000,000 (18.8%) | 速度: 4,630 条/秒 | 预计剩余: 146.1 分钟
批次 95/500 | 已迁移: 9,500,000/50,000,000 (19.0%) | 速度: 4,628 条/秒 | 预计剩余: 145.9 分钟
批次 96/500 | 已迁移: 9,600,000/50,000,000 (19.2%) | 速度: 4,625 条/秒 | 预计剩余: 145.6 分钟
批次 97/500 | 已迁移: 9,700,000/50,000,000 (19.4%) | 速度: 4,623 条/秒 | 预计剩余: 145.3 分钟
批次 98/500 | 已迁移: 9,800,000/50,000,000 (19.6%) | 速度: 4,618 条/秒 | 预计剩余: 145.1 分钟
批次 99/500 | 已迁移: 9,900,000/50,000,000 (19.8%) | 速度: 4,615 条/秒 | 预计剩余: 144.8 分钟
批次 100/500 | 已迁移: 10,000,000/50,000,000 (20.0%) | 速度: 4,612 条/秒 | 预计剩余: 144.6 分钟
批次 101/500 | 已迁移: 10,100,000/50,000,000 (20.2%) | 速度: 4,609 条/秒 | 预计剩余: 144.3 分钟
批次 102/500 | 已迁移: 10,200,000/50,000,000 (20.4%) | 速度: 4,607 条/秒 | 预计剩余: 144.0 分钟
批次 103/500 | 已迁移: 10,300,000/50,000,000 (20.6%) | 速度: 4,599 条/秒 | 预计剩余: 143.9 分钟
批次 104/500 | 已迁移: 10,400,000/50,000,000 (20.8%) | 速度: 4,594 条/秒 | 预计剩余: 143.7 分钟
批次 105/500 | 已迁移: 10,500,000/50,000,000 (21.0%) | 速度: 4,588 条/秒 | 预计剩余: 143.5 分钟
批次 106/500 | 已迁移: 10,600,000/50,000,000 (21.2%) | 速度: 4,583 条/秒 | 预计剩余: 143.3 分钟
批次 107/500 | 已迁移: 10,700,000/50,000,000 (21.4%) | 速度: 4,579 条/秒 | 预计剩余: 143.0 分钟
批次 108/500 | 已迁移: 10,800,000/50,000,000 (21.6%) | 速度: 4,569 条/秒 | 预计剩余: 143.0 分钟
批次 109/500 | 已迁移: 10,900,000/50,000,000 (21.8%) | 速度: 4,561 条/秒 | 预计剩余: 142.9 分钟
批次 110/500 | 已迁移: 11,000,000/50,000,000 (22.0%) | 速度: 4,552 条/秒 | 预计剩余: 142.8 分钟
批次 111/500 | 已迁移: 11,100,000/50,000,000 (22.2%) | 速度: 4,541 条/秒 | 预计剩余: 142.8 分钟
批次 112/500 | 已迁移: 11,200,000/50,000,000 (22.4%) | 速度: 4,533 条/秒 | 预计剩余: 142.7 分钟
批次 113/500 | 已迁移: 11,300,000/50,000,000 (22.6%) | 速度: 4,523 条/秒 | 预计剩余: 142.6 分钟
批次 114/500 | 已迁移: 11,400,000/50,000,000 (22.8%) | 速度: 4,513 条/秒 | 预计剩余: 142.6 分钟
批次 115/500 | 已迁移: 11,500,000/50,000,000 (23.0%) | 速度: 4,505 条/秒 | 预计剩余: 142.4 分钟
批次 116/500 | 已迁移: 11,600,000/50,000,000 (23.2%) | 速度: 4,494 条/秒 | 预计剩余: 142.4 分钟
批次 117/500 | 已迁移: 11,700,000/50,000,000 (23.4%) | 速度: 4,485 条/秒 | 预计剩余: 142.3 分钟
批次 118/500 | 已迁移: 11,800,000/50,000,000 (23.6%) | 速度: 4,476 条/秒 | 预计剩余: 142.2 分钟
批次 119/500 | 已迁移: 11,900,000/50,000,000 (23.8%) | 速度: 4,466 条/秒 | 预计剩余: 142.2 分钟
批次 120/500 | 已迁移: 12,000,000/50,000,000 (24.0%) | 速度: 4,457 条/秒 | 预计剩余: 142.1 分钟
批次 121/500 | 已迁移: 12,100,000/50,000,000 (24.2%) | 速度: 4,446 条/秒 | 预计剩余: 142.1 分钟
批次 122/500 | 已迁移: 12,200,000/50,000,000 (24.4%) | 速度: 4,435 条/秒 | 预计剩余: 142.0 分钟
批次 123/500 | 已迁移: 12,300,000/50,000,000 (24.6%) | 速度: 4,424 条/秒 | 预计剩余: 142.0 分钟
批次 124/500 | 已迁移: 12,400,000/50,000,000 (24.8%) | 速度: 4,411 条/秒 | 预计剩余: 142.1 分钟
批次 125/500 | 已迁移: 12,500,000/50,000,000 (25.0%) | 速度: 4,398 条/秒 | 预计剩余: 142.1 分钟
批次 126/500 | 已迁移: 12,600,000/50,000,000 (25.2%) | 速度: 4,385 条/秒 | 预计剩余: 142.2 分钟
批次 127/500 | 已迁移: 12,700,000/50,000,000 (25.4%) | 速度: 4,374 条/秒 | 预计剩余: 142.1 分钟
批次 128/500 | 已迁移: 12,800,000/50,000,000 (25.6%) | 速度: 4,362 条/秒 | 预计剩余: 142.1 分钟
批次 129/500 | 已迁移: 12,900,000/50,000,000 (25.8%) | 速度: 4,349 条/秒 | 预计剩余: 142.2 分钟
批次 130/500 | 已迁移: 13,000,000/50,000,000 (26.0%) | 速度: 4,338 条/秒 | 预计剩余: 142.2 分钟
批次 131/500 | 已迁移: 13,100,000/50,000,000 (26.2%) | 速度: 4,327 条/秒 | 预计剩余: 142.1 分钟
批次 132/500 | 已迁移: 13,200,000/50,000,000 (26.4%) | 速度: 4,316 条/秒 | 预计剩余: 142.1 分钟
批次 133/500 | 已迁移: 13,300,000/50,000,000 (26.6%) | 速度: 4,306 条/秒 | 预计剩余: 142.0 分钟
批次 134/500 | 已迁移: 13,400,000/50,000,000 (26.8%) | 速度: 4,296 条/秒 | 预计剩余: 142.0 分钟
批次 135/500 | 已迁移: 13,500,000/50,000,000 (27.0%) | 速度: 4,286 条/秒 | 预计剩余: 141.9 分钟
批次 136/500 | 已迁移: 13,600,000/50,000,000 (27.2%) | 速度: 4,276 条/秒 | 预计剩余: 141.9 分钟
批次 137/500 | 已迁移: 13,700,000/50,000,000 (27.4%) | 速度: 4,265 条/秒 | 预计剩余: 141.9 分钟
批次 138/500 | 已迁移: 13,800,000/50,000,000 (27.6%) | 速度: 4,255 条/秒 | 预计剩余: 141.8 分钟
批次 139/500 | 已迁移: 13,900,000/50,000,000 (27.8%) | 速度: 4,246 条/秒 | 预计剩余: 141.7 分钟
批次 140/500 | 已迁移: 14,000,000/50,000,000 (28.0%) | 速度: 4,237 条/秒 | 预计剩余: 141.6 分钟
批次 141/500 | 已迁移: 14,100,000/50,000,000 (28.2%) | 速度: 4,229 条/秒 | 预计剩余: 141.5 分钟
批次 142/500 | 已迁移: 14,200,000/50,000,000 (28.4%) | 速度: 4,220 条/秒 | 预计剩余: 141.4 分钟
批次 143/500 | 已迁移: 14,300,000/50,000,000 (28.6%) | 速度: 4,210 条/秒 | 预计剩余: 141.3 分钟
批次 144/500 | 已迁移: 14,400,000/50,000,000 (28.8%) | 速度: 4,202 条/秒 | 预计剩余: 141.2 分钟
批次 145/500 | 已迁移: 14,500,000/50,000,000 (29.0%) | 速度: 4,193 条/秒 | 预计剩余: 141.1 分钟
批次 146/500 | 已迁移: 14,600,000/50,000,000 (29.2%) | 速度: 4,185 条/秒 | 预计剩余: 141.0 分钟
批次 147/500 | 已迁移: 14,700,000/50,000,000 (29.4%) | 速度: 4,177 条/秒 | 预计剩余: 140.9 分钟
批次 148/500 | 已迁移: 14,800,000/50,000,000 (29.6%) | 速度: 4,169 条/秒 | 预计剩余: 140.7 分钟
批次 149/500 | 已迁移: 14,900,000/50,000,000 (29.8%) | 速度: 4,162 条/秒 | 预计剩余: 140.6 分钟
批次 150/500 | 已迁移: 15,000,000/50,000,000 (30.0%) | 速度: 4,154 条/秒 | 预计剩余: 140.4 分钟
批次 151/500 | 已迁移: 15,100,000/50,000,000 (30.2%) | 速度: 4,147 条/秒 | 预计剩余: 140.3 分钟
批次 152/500 | 已迁移: 15,200,000/50,000,000 (30.4%) | 速度: 4,138 条/秒 | 预计剩余: 140.2 分钟
批次 153/500 | 已迁移: 15,300,000/50,000,000 (30.6%) | 速度: 4,131 条/秒 | 预计剩余: 140.0 分钟
批次 154/500 | 已迁移: 15,400,000/50,000,000 (30.8%) | 速度: 4,124 条/秒 | 预计剩余: 139.8 分钟
批次 155/500 | 已迁移: 15,500,000/50,000,000 (31.0%) | 速度: 4,117 条/秒 | 预计剩余: 139.7 分钟
批次 156/500 | 已迁移: 15,600,000/50,000,000 (31.2%) | 速度: 4,109 条/秒 | 预计剩余: 139.5 分钟
批次 157/500 | 已迁移: 15,700,000/50,000,000 (31.4%) | 速度: 4,102 条/秒 | 预计剩余: 139.4 分钟
批次 158/500 | 已迁移: 15,800,000/50,000,000 (31.6%) | 速度: 4,094 条/秒 | 预计剩余: 139.2 分钟
批次 159/500 | 已迁移: 15,900,000/50,000,000 (31.8%) | 速度: 4,086 条/秒 | 预计剩余: 139.1 分钟
批次 160/500 | 已迁移: 16,000,000/50,000,000 (32.0%) | 速度: 4,080 条/秒 | 预计剩余: 138.9 分钟
批次 161/500 | 已迁移: 16,100,000/50,000,000 (32.2%) | 速度: 4,072 条/秒 | 预计剩余: 138.7 分钟
批次 162/500 | 已迁移: 16,200,000/50,000,000 (32.4%) | 速度: 4,065 条/秒 | 预计剩余: 138.6 分钟
批次 163/500 | 已迁移: 16,300,000/50,000,000 (32.6%) | 速度: 4,058 条/秒 | 预计剩余: 138.4 分钟
批次 164/500 | 已迁移: 16,400,000/50,000,000 (32.8%) | 速度: 4,051 条/秒 | 预计剩余: 138.2 分钟
批次 165/500 | 已迁移: 16,500,000/50,000,000 (33.0%) | 速度: 4,044 条/秒 | 预计剩余: 138.1 分钟
批次 166/500 | 已迁移: 16,600,000/50,000,000 (33.2%) | 速度: 4,037 条/秒 | 预计剩余: 137.9 分钟
批次 167/500 | 已迁移: 16,700,000/50,000,000 (33.4%) | 速度: 4,030 条/秒 | 预计剩余: 137.7 分钟
批次 168/500 | 已迁移: 16,800,000/50,000,000 (33.6%) | 速度: 4,022 条/秒 | 预计剩余: 137.6 分钟
批次 169/500 | 已迁移: 16,900,000/50,000,000 (33.8%) | 速度: 4,016 条/秒 | 预计剩余: 137.4 分钟
批次 170/500 | 已迁移: 17,000,000/50,000,000 (34.0%) | 速度: 4,009 条/秒 | 预计剩余: 137.2 分钟
批次 171/500 | 已迁移: 17,100,000/50,000,000 (34.2%) | 速度: 4,002 条/秒 | 预计剩余: 137.0 分钟
批次 172/500 | 已迁移: 17,200,000/50,000,000 (34.4%) | 速度: 3,995 条/秒 | 预计剩余: 136.8 分钟
批次 173/500 | 已迁移: 17,300,000/50,000,000 (34.6%) | 速度: 3,989 条/秒 | 预计剩余: 136.6 分钟
批次 174/500 | 已迁移: 17,400,000/50,000,000 (34.8%) | 速度: 3,982 条/秒 | 预计剩余: 136.5 分钟
批次 175/500 | 已迁移: 17,500,000/50,000,000 (35.0%) | 速度: 3,975 条/秒 | 预计剩余: 136.3 分钟
批次 176/500 | 已迁移: 17,600,000/50,000,000 (35.2%) | 速度: 3,968 条/秒 | 预计剩余: 136.1 分钟
批次 177/500 | 已迁移: 17,700,000/50,000,000 (35.4%) | 速度: 3,961 条/秒 | 预计剩余: 135.9 分钟
批次 178/500 | 已迁移: 17,800,000/50,000,000 (35.6%) | 速度: 3,953 条/秒 | 预计剩余: 135.8 分钟
批次 179/500 | 已迁移: 17,900,000/50,000,000 (35.8%) | 速度: 3,946 条/秒 | 预计剩余: 135.6 分钟
批次 180/500 | 已迁移: 18,000,000/50,000,000 (36.0%) | 速度: 3,939 条/秒 | 预计剩余: 135.4 分钟
批次 181/500 | 已迁移: 18,100,000/50,000,000 (36.2%) | 速度: 3,932 条/秒 | 预计剩余: 135.2 分钟
批次 182/500 | 已迁移: 18,200,000/50,000,000 (36.4%) | 速度: 3,925 条/秒 | 预计剩余: 135.0 分钟
批次 183/500 | 已迁移: 18,300,000/50,000,000 (36.6%) | 速度: 3,918 条/秒 | 预计剩余: 134.9 分钟
批次 184/500 | 已迁移: 18,400,000/50,000,000 (36.8%) | 速度: 3,910 条/秒 | 预计剩余: 134.7 分钟
批次 185/500 | 已迁移: 18,500,000/50,000,000 (37.0%) | 速度: 3,903 条/秒 | 预计剩余: 134.5 分钟
批次 186/500 | 已迁移: 18,600,000/50,000,000 (37.2%) | 速度: 3,896 条/秒 | 预计剩余: 134.3 分钟
批次 187/500 | 已迁移: 18,700,000/50,000,000 (37.4%) | 速度: 3,889 条/秒 | 预计剩余: 134.2 分钟
批次 188/500 | 已迁移: 18,800,000/50,000,000 (37.6%) | 速度: 3,882 条/秒 | 预计剩余: 134.0 分钟
批次 189/500 | 已迁移: 18,900,000/50,000,000 (37.8%) | 速度: 3,875 条/秒 | 预计剩余: 133.8 分钟
批次 190/500 | 已迁移: 19,000,000/50,000,000 (38.0%) | 速度: 3,868 条/秒 | 预计剩余: 133.6 分钟
批次 191/500 | 已迁移: 19,100,000/50,000,000 (38.2%) | 速度: 3,861 条/秒 | 预计剩余: 133.4 分钟
批次 192/500 | 已迁移: 19,200,000/50,000,000 (38.4%) | 速度: 3,854 条/秒 | 预计剩余: 133.2 分钟
批次 193/500 | 已迁移: 19,300,000/50,000,000 (38.6%) | 速度: 3,847 条/秒 | 预计剩余: 133.0 分钟
批次 194/500 | 已迁移: 19,400,000/50,000,000 (38.8%) | 速度: 3,840 条/秒 | 预计剩余: 132.8 分钟
批次 195/500 | 已迁移: 19,500,000/50,000,000 (39.0%) | 速度: 3,834 条/秒 | 预计剩余: 132.6 分钟
批次 196/500 | 已迁移: 19,600,000/50,000,000 (39.2%) | 速度: 3,827 条/秒 | 预计剩余: 132.4 分钟
批次 197/500 | 已迁移: 19,700,000/50,000,000 (39.4%) | 速度: 3,821 条/秒 | 预计剩余: 132.2 分钟
批次 198/500 | 已迁移: 19,800,000/50,000,000 (39.6%) | 速度: 3,814 条/秒 | 预计剩余: 132.0 分钟
批次 199/500 | 已迁移: 19,900,000/50,000,000 (39.8%) | 速度: 3,807 条/秒 | 预计剩余: 131.8 分钟
批次 200/500 | 已迁移: 20,000,000/50,000,000 (40.0%) | 速度: 3,801 条/秒 | 预计剩余: 131.6 分钟
批次 201/500 | 已迁移: 20,100,000/50,000,000 (40.2%) | 速度: 3,794 条/秒 | 预计剩余: 131.3 分钟
批次 202/500 | 已迁移: 20,200,000/50,000,000 (40.4%) | 速度: 3,788 条/秒 | 预计剩余: 131.1 分钟
批次 203/500 | 已迁移: 20,300,000/50,000,000 (40.6%) | 速度: 3,782 条/秒 | 预计剩余: 130.9 分钟
批次 204/500 | 已迁移: 20,400,000/50,000,000 (40.8%) | 速度: 3,775 条/秒 | 预计剩余: 130.7 分钟
批次 205/500 | 已迁移: 20,500,000/50,000,000 (41.0%) | 速度: 3,769 条/秒 | 预计剩余: 130.4 分钟
批次 206/500 | 已迁移: 20,600,000/50,000,000 (41.2%) | 速度: 3,763 条/秒 | 预计剩余: 130.2 分钟
批次 207/500 | 已迁移: 20,700,000/50,000,000 (41.4%) | 速度: 3,757 条/秒 | 预计剩余: 130.0 分钟
批次 208/500 | 已迁移: 20,800,000/50,000,000 (41.6%) | 速度: 3,751 条/秒 | 预计剩余: 129.7 分钟
批次 209/500 | 已迁移: 20,900,000/50,000,000 (41.8%) | 速度: 3,745 条/秒 | 预计剩余: 129.5 分钟
批次 210/500 | 已迁移: 21,000,000/50,000,000 (42.0%) | 速度: 3,738 条/秒 | 预计剩余: 129.3 分钟
批次 211/500 | 已迁移: 21,100,000/50,000,000 (42.2%) | 速度: 3,732 条/秒 | 预计剩余: 129.1 分钟
批次 212/500 | 已迁移: 21,200,000/50,000,000 (42.4%) | 速度: 3,725 条/秒 | 预计剩余: 128.8 分钟
批次 213/500 | 已迁移: 21,300,000/50,000,000 (42.6%) | 速度: 3,719 条/秒 | 预计剩余: 128.6 分钟
批次 214/500 | 已迁移: 21,400,000/50,000,000 (42.8%) | 速度: 3,713 条/秒 | 预计剩余: 128.4 分钟
批次 215/500 | 已迁移: 21,500,000/50,000,000 (43.0%) | 速度: 3,707 条/秒 | 预计剩余: 128.1 分钟
批次 216/500 | 已迁移: 21,600,000/50,000,000 (43.2%) | 速度: 3,701 条/秒 | 预计剩余: 127.9 分钟
批次 217/500 | 已迁移: 21,700,000/50,000,000 (43.4%) | 速度: 3,695 条/秒 | 预计剩余: 127.7 分钟
批次 218/500 | 已迁移: 21,800,000/50,000,000 (43.6%) | 速度: 3,688 条/秒 | 预计剩余: 127.4 分钟
批次 219/500 | 已迁移: 21,900,000/50,000,000 (43.8%) | 速度: 3,682 条/秒 | 预计剩余: 127.2 分钟
批次 220/500 | 已迁移: 22,000,000/50,000,000 (44.0%) | 速度: 3,676 条/秒 | 预计剩余: 126.9 分钟
批次 221/500 | 已迁移: 22,100,000/50,000,000 (44.2%) | 速度: 3,670 条/秒 | 预计剩余: 126.7 分钟
批次 222/500 | 已迁移: 22,200,000/50,000,000 (44.4%) | 速度: 3,664 条/秒 | 预计剩余: 126.5 分钟
批次 223/500 | 已迁移: 22,300,000/50,000,000 (44.6%) | 速度: 3,657 条/秒 | 预计剩余: 126.2 分钟
批次 224/500 | 已迁移: 22,400,000/50,000,000 (44.8%) | 速度: 3,651 条/秒 | 预计剩余: 126.0 分钟
批次 225/500 | 已迁移: 22,500,000/50,000,000 (45.0%) | 速度: 3,645 条/秒 | 预计剩余: 125.7 分钟
批次 226/500 | 已迁移: 22,600,000/50,000,000 (45.2%) | 速度: 3,639 条/秒 | 预计剩余: 125.5 分钟
批次 227/500 | 已迁移: 22,700,000/50,000,000 (45.4%) | 速度: 3,634 条/秒 | 预计剩余: 125.2 分钟
批次 228/500 | 已迁移: 22,800,000/50,000,000 (45.6%) | 速度: 3,628 条/秒 | 预计剩余: 125.0 分钟
批次 229/500 | 已迁移: 22,900,000/50,000,000 (45.8%) | 速度: 3,622 条/秒 | 预计剩余: 124.7 分钟
批次 230/500 | 已迁移: 23,000,000/50,000,000 (46.0%) | 速度: 3,617 条/秒 | 预计剩余: 124.4 分钟
批次 231/500 | 已迁移: 23,100,000/50,000,000 (46.2%) | 速度: 3,611 条/秒 | 预计剩余: 124.2 分钟
批次 232/500 | 已迁移: 23,200,000/50,000,000 (46.4%) | 速度: 3,605 条/秒 | 预计剩余: 123.9 分钟
批次 233/500 | 已迁移: 23,300,000/50,000,000 (46.6%) | 速度: 3,600 条/秒 | 预计剩余: 123.6 分钟
批次 234/500 | 已迁移: 23,400,000/50,000,000 (46.8%) | 速度: 3,594 条/秒 | 预计剩余: 123.3 分钟
批次 235/500 | 已迁移: 23,500,000/50,000,000 (47.0%) | 速度: 3,589 条/秒 | 预计剩余: 123.1 分钟
批次 236/500 | 已迁移: 23,600,000/50,000,000 (47.2%) | 速度: 3,584 条/秒 | 预计剩余: 122.8 分钟
批次 237/500 | 已迁移: 23,700,000/50,000,000 (47.4%) | 速度: 3,578 条/秒 | 预计剩余: 122.5 分钟
批次 238/500 | 已迁移: 23,800,000/50,000,000 (47.6%) | 速度: 3,573 条/秒 | 预计剩余: 122.2 分钟
批次 239/500 | 已迁移: 23,900,000/50,000,000 (47.8%) | 速度: 3,568 条/秒 | 预计剩余: 121.9 分钟
批次 240/500 | 已迁移: 24,000,000/50,000,000 (48.0%) | 速度: 3,563 条/秒 | 预计剩余: 121.6 分钟
批次 241/500 | 已迁移: 24,100,000/50,000,000 (48.2%) | 速度: 3,558 条/秒 | 预计剩余: 121.3 分钟
批次 242/500 | 已迁移: 24,200,000/50,000,000 (48.4%) | 速度: 3,553 条/秒 | 预计剩余: 121.0 分钟
批次 243/500 | 已迁移: 24,300,000/50,000,000 (48.6%) | 速度: 3,548 条/秒 | 预计剩余: 120.7 分钟
批次 244/500 | 已迁移: 24,400,000/50,000,000 (48.8%) | 速度: 3,543 条/秒 | 预计剩余: 120.4 分钟
批次 245/500 | 已迁移: 24,500,000/50,000,000 (49.0%) | 速度: 3,538 条/秒 | 预计剩余: 120.1 分钟
批次 246/500 | 已迁移: 24,600,000/50,000,000 (49.2%) | 速度: 3,533 条/秒 | 预计剩余: 119.8 分钟
批次 247/500 | 已迁移: 24,700,000/50,000,000 (49.4%) | 速度: 3,528 条/秒 | 预计剩余: 119.5 分钟
批次 248/500 | 已迁移: 24,800,000/50,000,000 (49.6%) | 速度: 3,523 条/秒 | 预计剩余: 119.2 分钟
批次 249/500 | 已迁移: 24,900,000/50,000,000 (49.8%) | 速度: 3,518 条/秒 | 预计剩余: 118.9 分钟
批次 250/500 | 已迁移: 25,000,000/50,000,000 (50.0%) | 速度: 3,513 条/秒 | 预计剩余: 118.6 分钟
批次 251/500 | 已迁移: 25,100,000/50,000,000 (50.2%) | 速度: 3,508 条/秒 | 预计剩余: 118.3 分钟
批次 252/500 | 已迁移: 25,200,000/50,000,000 (50.4%) | 速度: 3,503 条/秒 | 预计剩余: 118.0 分钟
批次 253/500 | 已迁移: 25,300,000/50,000,000 (50.6%) | 速度: 3,499 条/秒 | 预计剩余: 117.7 分钟
批次 254/500 | 已迁移: 25,400,000/50,000,000 (50.8%) | 速度: 3,494 条/秒 | 预计剩余: 117.4 分钟
批次 255/500 | 已迁移: 25,500,000/50,000,000 (51.0%) | 速度: 3,489 条/秒 | 预计剩余: 117.0 分钟
批次 256/500 | 已迁移: 25,600,000/50,000,000 (51.2%) | 速度: 3,467 条/秒 | 预计剩余: 117.3 分钟
批次 257/500 | 已迁移: 25,700,000/50,000,000 (51.4%) | 速度: 3,453 条/秒 | 预计剩余: 117.3 分钟
批次 258/500 | 已迁移: 25,800,000/50,000,000 (51.6%) | 速度: 3,448 条/秒 | 预计剩余: 117.0 分钟
批次 259/500 | 已迁移: 25,900,000/50,000,000 (51.8%) | 速度: 3,444 条/秒 | 预计剩余: 116.6 分钟
批次 260/500 | 已迁移: 26,000,000/50,000,000 (52.0%) | 速度: 3,421 条/秒 | 预计剩余: 116.9 分钟
批次 261/500 | 已迁移: 26,100,000/50,000,000 (52.2%) | 速度: 3,413 条/秒 | 预计剩余: 116.7 分钟
批次 262/500 | 已迁移: 26,200,000/50,000,000 (52.4%) | 速度: 3,400 条/秒 | 预计剩余: 116.7 分钟
批次 263/500 | 已迁移: 26,300,000/50,000,000 (52.6%) | 速度: 3,378 条/秒 | 预计剩余: 116.9 分钟
批次 264/500 | 已迁移: 26,400,000/50,000,000 (52.8%) | 速度: 3,373 条/秒 | 预计剩余: 116.6 分钟
批次 265/500 | 已迁移: 26,500,000/50,000,000 (53.0%) | 速度: 3,369 条/秒 | 预计剩余: 116.3 分钟
批次 266/500 | 已迁移: 26,600,000/50,000,000 (53.2%) | 速度: 3,364 条/秒 | 预计剩余: 115.9 分钟
批次 267/500 | 已迁移: 26,700,000/50,000,000 (53.4%) | 速度: 3,359 条/秒 | 预计剩余: 115.6 分钟
批次 268/500 | 已迁移: 26,800,000/50,000,000 (53.6%) | 速度: 3,355 条/秒 | 预计剩余: 115.3 分钟
批次 269/500 | 已迁移: 26,900,000/50,000,000 (53.8%) | 速度: 3,350 条/秒 | 预计剩余: 114.9 分钟
批次 270/500 | 已迁移: 27,000,000/50,000,000 (54.0%) | 速度: 3,346 条/秒 | 预计剩余: 114.6 分钟
批次 271/500 | 已迁移: 27,100,000/50,000,000 (54.2%) | 速度: 3,342 条/秒 | 预计剩余: 114.2 分钟
批次 272/500 | 已迁移: 27,200,000/50,000,000 (54.4%) | 速度: 3,338 条/秒 | 预计剩余: 113.8 分钟
批次 273/500 | 已迁移: 27,300,000/50,000,000 (54.6%) | 速度: 3,334 条/秒 | 预计剩余: 113.5 分钟
批次 274/500 | 已迁移: 27,400,000/50,000,000 (54.8%) | 速度: 3,330 条/秒 | 预计剩余: 113.1 分钟
批次 275/500 | 已迁移: 27,500,000/50,000,000 (55.0%) | 速度: 3,326 条/秒 | 预计剩余: 112.7 分钟
批次 276/500 | 已迁移: 27,600,000/50,000,000 (55.2%) | 速度: 3,322 条/秒 | 预计剩余: 112.4 分钟
批次 277/500 | 已迁移: 27,700,000/50,000,000 (55.4%) | 速度: 3,318 条/秒 | 预计剩余: 112.0 分钟
批次 278/500 | 已迁移: 27,800,000/50,000,000 (55.6%) | 速度: 3,314 条/秒 | 预计剩余: 111.7 分钟
批次 279/500 | 已迁移: 27,900,000/50,000,000 (55.8%) | 速度: 3,310 条/秒 | 预计剩余: 111.3 分钟
批次 280/500 | 已迁移: 28,000,000/50,000,000 (56.0%) | 速度: 3,306 条/秒 | 预计剩余: 110.9 分钟
批次 281/500 | 已迁移: 28,100,000/50,000,000 (56.2%) | 速度: 3,302 条/秒 | 预计剩余: 110.5 分钟
批次 282/500 | 已迁移: 28,200,000/50,000,000 (56.4%) | 速度: 3,298 条/秒 | 预计剩余: 110.2 分钟
批次 283/500 | 已迁移: 28,300,000/50,000,000 (56.6%) | 速度: 3,294 条/秒 | 预计剩余: 109.8 分钟
批次 284/500 | 已迁移: 28,400,000/50,000,000 (56.8%) | 速度: 3,290 条/秒 | 预计剩余: 109.4 分钟
批次 285/500 | 已迁移: 28,500,000/50,000,000 (57.0%) | 速度: 3,286 条/秒 | 预计剩余: 109.0 分钟
批次 286/500 | 已迁移: 28,600,000/50,000,000 (57.2%) | 速度: 3,282 条/秒 | 预计剩余: 108.7 分钟
批次 287/500 | 已迁移: 28,700,000/50,000,000 (57.4%) | 速度: 3,278 条/秒 | 预计剩余: 108.3 分钟
批次 288/500 | 已迁移: 28,800,000/50,000,000 (57.6%) | 速度: 3,275 条/秒 | 预计剩余: 107.9 分钟
批次 289/500 | 已迁移: 28,900,000/50,000,000 (57.8%) | 速度: 3,271 条/秒 | 预计剩余: 107.5 分钟
批次 290/500 | 已迁移: 29,000,000/50,000,000 (58.0%) | 速度: 3,267 条/秒 | 预计剩余: 107.1 分钟
批次 291/500 | 已迁移: 29,100,000/50,000,000 (58.2%) | 速度: 3,263 条/秒 | 预计剩余: 106.7 分钟
批次 292/500 | 已迁移: 29,200,000/50,000,000 (58.4%) | 速度: 3,259 条/秒 | 预计剩余: 106.4 分钟
批次 293/500 | 已迁移: 29,300,000/50,000,000 (58.6%) | 速度: 3,255 条/秒 | 预计剩余: 106.0 分钟
批次 294/500 | 已迁移: 29,400,000/50,000,000 (58.8%) | 速度: 3,251 条/秒 | 预计剩余: 105.6 分钟
批次 295/500 | 已迁移: 29,500,000/50,000,000 (59.0%) | 速度: 3,247 条/秒 | 预计剩余: 105.2 分钟
批次 296/500 | 已迁移: 29,600,000/50,000,000 (59.2%) | 速度: 3,244 条/秒 | 预计剩余: 104.8 分钟
批次 297/500 | 已迁移: 29,700,000/50,000,000 (59.4%) | 速度: 3,240 条/秒 | 预计剩余: 104.4 分钟
批次 298/500 | 已迁移: 29,800,000/50,000,000 (59.6%) | 速度: 3,236 条/秒 | 预计剩余: 104.0 分钟
批次 299/500 | 已迁移: 29,900,000/50,000,000 (59.8%) | 速度: 3,232 条/秒 | 预计剩余: 103.7 分钟
批次 300/500 | 已迁移: 30,000,000/50,000,000 (60.0%) | 速度: 3,228 条/秒 | 预计剩余: 103.3 分钟
批次 301/500 | 已迁移: 30,100,000/50,000,000 (60.2%) | 速度: 3,224 条/秒 | 预计剩余: 102.9 分钟
批次 302/500 | 已迁移: 30,200,000/50,000,000 (60.4%) | 速度: 3,220 条/秒 | 预计剩余: 102.5 分钟
批次 303/500 | 已迁移: 30,300,000/50,000,000 (60.6%) | 速度: 3,216 条/秒 | 预计剩余: 102.1 分钟
批次 304/500 | 已迁移: 30,400,000/50,000,000 (60.8%) | 速度: 3,212 条/秒 | 预计剩余: 101.7 分钟
批次 305/500 | 已迁移: 30,500,000/50,000,000 (61.0%) | 速度: 3,209 条/秒 | 预计剩余: 101.3 分钟
批次 306/500 | 已迁移: 30,600,000/50,000,000 (61.2%) | 速度: 3,205 条/秒 | 预计剩余: 100.9 分钟
批次 307/500 | 已迁移: 30,700,000/50,000,000 (61.4%) | 速度: 3,201 条/秒 | 预计剩余: 100.5 分钟
批次 308/500 | 已迁移: 30,800,000/50,000,000 (61.6%) | 速度: 3,197 条/秒 | 预计剩余: 100.1 分钟
批次 309/500 | 已迁移: 30,900,000/50,000,000 (61.8%) | 速度: 3,194 条/秒 | 预计剩余: 99.7 分钟
批次 310/500 | 已迁移: 31,000,000/50,000,000 (62.0%) | 速度: 3,190 条/秒 | 预计剩余: 99.3 分钟
批次 311/500 | 已迁移: 31,100,000/50,000,000 (62.2%) | 速度: 3,186 条/秒 | 预计剩余: 98.9 分钟
批次 312/500 | 已迁移: 31,200,000/50,000,000 (62.4%) | 速度: 3,182 条/秒 | 预计剩余: 98.5 分钟
批次 313/500 | 已迁移: 31,300,000/50,000,000 (62.6%) | 速度: 3,179 条/秒 | 预计剩余: 98.0 分钟
批次 314/500 | 已迁移: 31,400,000/50,000,000 (62.8%) | 速度: 3,175 条/秒 | 预计剩余: 97.6 分钟
批次 315/500 | 已迁移: 31,500,000/50,000,000 (63.0%) | 速度: 3,172 条/秒 | 预计剩余: 97.2 分钟
批次 316/500 | 已迁移: 31,600,000/50,000,000 (63.2%) | 速度: 3,168 条/秒 | 预计剩余: 96.8 分钟
批次 317/500 | 已迁移: 31,700,000/50,000,000 (63.4%) | 速度: 3,165 条/秒 | 预计剩余: 96.4 分钟
批次 318/500 | 已迁移: 31,800,000/50,000,000 (63.6%) | 速度: 3,161 条/秒 | 预计剩余: 96.0 分钟
批次 319/500 | 已迁移: 31,900,000/50,000,000 (63.8%) | 速度: 3,158 条/秒 | 预计剩余: 95.5 分钟
批次 320/500 | 已迁移: 32,000,000/50,000,000 (64.0%) | 速度: 3,154 条/秒 | 预计剩余: 95.1 分钟
批次 321/500 | 已迁移: 32,100,000/50,000,000 (64.2%) | 速度: 3,151 条/秒 | 预计剩余: 94.7 分钟
批次 322/500 | 已迁移: 32,200,000/50,000,000 (64.4%) | 速度: 3,147 条/秒 | 预计剩余: 94.3 分钟
批次 323/500 | 已迁移: 32,300,000/50,000,000 (64.6%) | 速度: 3,144 条/秒 | 预计剩余: 93.8 分钟
批次 324/500 | 已迁移: 32,400,000/50,000,000 (64.8%) | 速度: 3,140 条/秒 | 预计剩余: 93.4 分钟
批次 325/500 | 已迁移: 32,500,000/50,000,000 (65.0%) | 速度: 3,136 条/秒 | 预计剩余: 93.0 分钟
批次 326/500 | 已迁移: 32,600,000/50,000,000 (65.2%) | 速度: 3,133 条/秒 | 预计剩余: 92.6 分钟
批次 327/500 | 已迁移: 32,700,000/50,000,000 (65.4%) | 速度: 3,130 条/秒 | 预计剩余: 92.1 分钟
批次 328/500 | 已迁移: 32,800,000/50,000,000 (65.6%) | 速度: 3,126 条/秒 | 预计剩余: 91.7 分钟
批次 329/500 | 已迁移: 32,900,000/50,000,000 (65.8%) | 速度: 3,123 条/秒 | 预计剩余: 91.3 分钟
批次 330/500 | 已迁移: 33,000,000/50,000,000 (66.0%) | 速度: 3,118 条/秒 | 预计剩余: 90.9 分钟
批次 331/500 | 已迁移: 33,100,000/50,000,000 (66.2%) | 速度: 3,115 条/秒 | 预计剩余: 90.4 分钟
批次 332/500 | 已迁移: 33,200,000/50,000,000 (66.4%) | 速度: 3,111 条/秒 | 预计剩余: 90.0 分钟
批次 333/500 | 已迁移: 33,300,000/50,000,000 (66.6%) | 速度: 3,107 条/秒 | 预计剩余: 89.6 分钟
批次 334/500 | 已迁移: 33,400,000/50,000,000 (66.8%) | 速度: 3,104 条/秒 | 预计剩余: 89.1 分钟
批次 335/500 | 已迁移: 33,500,000/50,000,000 (67.0%) | 速度: 3,101 条/秒 | 预计剩余: 88.7 分钟
批次 336/500 | 已迁移: 33,600,000/50,000,000 (67.2%) | 速度: 3,097 条/秒 | 预计剩余: 88.2 分钟
批次 337/500 | 已迁移: 33,700,000/50,000,000 (67.4%) | 速度: 3,094 条/秒 | 预计剩余: 87.8 分钟
批次 338/500 | 已迁移: 33,800,000/50,000,000 (67.6%) | 速度: 3,090 条/秒 | 预计剩余: 87.4 分钟
批次 339/500 | 已迁移: 33,900,000/50,000,000 (67.8%) | 速度: 3,086 条/秒 | 预计剩余: 86.9 分钟
批次 340/500 | 已迁移: 34,000,000/50,000,000 (68.0%) | 速度: 3,083 条/秒 | 预计剩余: 86.5 分钟
批次 341/500 | 已迁移: 34,100,000/50,000,000 (68.2%) | 速度: 3,078 条/秒 | 预计剩余: 86.1 分钟
批次 342/500 | 已迁移: 34,200,000/50,000,000 (68.4%) | 速度: 3,075 条/秒 | 预计剩余: 85.6 分钟
批次 343/500 | 已迁移: 34,300,000/50,000,000 (68.6%) | 速度: 3,071 条/秒 | 预计剩余: 85.2 分钟
批次 344/500 | 已迁移: 34,400,000/50,000,000 (68.8%) | 速度: 3,068 条/秒 | 预计剩余: 84.7 分钟
批次 345/500 | 已迁移: 34,500,000/50,000,000 (69.0%) | 速度: 3,064 条/秒 | 预计剩余: 84.3 分钟
批次 346/500 | 已迁移: 34,600,000/50,000,000 (69.2%) | 速度: 3,061 条/秒 | 预计剩余: 83.8 分钟
批次 347/500 | 已迁移: 34,700,000/50,000,000 (69.4%) | 速度: 3,058 条/秒 | 预计剩余: 83.4 分钟
批次 348/500 | 已迁移: 34,800,000/50,000,000 (69.6%) | 速度: 3,055 条/秒 | 预计剩余: 82.9 分钟
批次 349/500 | 已迁移: 34,900,000/50,000,000 (69.8%) | 速度: 3,051 条/秒 | 预计剩余: 82.5 分钟
批次 350/500 | 已迁移: 35,000,000/50,000,000 (70.0%) | 速度: 3,048 条/秒 | 预计剩余: 82.0 分钟
批次 351/500 | 已迁移: 35,100,000/50,000,000 (70.2%) | 速度: 3,044 条/秒 | 预计剩余: 81.6 分钟
批次 352/500 | 已迁移: 35,200,000/50,000,000 (70.4%) | 速度: 3,041 条/秒 | 预计剩余: 81.1 分钟
批次 353/500 | 已迁移: 35,300,000/50,000,000 (70.6%) | 速度: 3,037 条/秒 | 预计剩余: 80.7 分钟
批次 354/500 | 已迁移: 35,400,000/50,000,000 (70.8%) | 速度: 3,034 条/秒 | 预计剩余: 80.2 分钟
批次 355/500 | 已迁移: 35,500,000/50,000,000 (71.0%) | 速度: 3,031 条/秒 | 预计剩余: 79.7 分钟
批次 356/500 | 已迁移: 35,600,000/50,000,000 (71.2%) | 速度: 3,028 条/秒 | 预计剩余: 79.3 分钟
批次 357/500 | 已迁移: 35,700,000/50,000,000 (71.4%) | 速度: 3,024 条/秒 | 预计剩余: 78.8 分钟
批次 358/500 | 已迁移: 35,800,000/50,000,000 (71.6%) | 速度: 3,021 条/秒 | 预计剩余: 78.3 分钟
批次 359/500 | 已迁移: 35,900,000/50,000,000 (71.8%) | 速度: 3,018 条/秒 | 预计剩余: 77.9 分钟
批次 360/500 | 已迁移: 36,000,000/50,000,000 (72.0%) | 速度: 3,015 条/秒 | 预计剩余: 77.4 分钟
批次 361/500 | 已迁移: 36,100,000/50,000,000 (72.2%) | 速度: 3,011 条/秒 | 预计剩余: 76.9 分钟
批次 362/500 | 已迁移: 36,200,000/50,000,000 (72.4%) | 速度: 3,008 条/秒 | 预计剩余: 76.5 分钟
批次 363/500 | 已迁移: 36,300,000/50,000,000 (72.6%) | 速度: 3,005 条/秒 | 预计剩余: 76.0 分钟
批次 364/500 | 已迁移: 36,400,000/50,000,000 (72.8%) | 速度: 3,002 条/秒 | 预计剩余: 75.5 分钟
批次 365/500 | 已迁移: 36,500,000/50,000,000 (73.0%) | 速度: 2,999 条/秒 | 预计剩余: 75.0 分钟
批次 366/500 | 已迁移: 36,600,000/50,000,000 (73.2%) | 速度: 2,995 条/秒 | 预计剩余: 74.6 分钟
批次 367/500 | 已迁移: 36,700,000/50,000,000 (73.4%) | 速度: 2,992 条/秒 | 预计剩余: 74.1 分钟
批次 368/500 | 已迁移: 36,800,000/50,000,000 (73.6%) | 速度: 2,989 条/秒 | 预计剩余: 73.6 分钟
批次 369/500 | 已迁移: 36,900,000/50,000,000 (73.8%) | 速度: 2,986 条/秒 | 预计剩余: 73.1 分钟
批次 370/500 | 已迁移: 37,000,000/50,000,000 (74.0%) | 速度: 2,983 条/秒 | 预计剩余: 72.6 分钟
批次 371/500 | 已迁移: 37,100,000/50,000,000 (74.2%) | 速度: 2,979 条/秒 | 预计剩余: 72.2 分钟
批次 372/500 | 已迁移: 37,200,000/50,000,000 (74.4%) | 速度: 2,976 条/秒 | 预计剩余: 71.7 分钟
批次 373/500 | 已迁移: 37,300,000/50,000,000 (74.6%) | 速度: 2,973 条/秒 | 预计剩余: 71.2 分钟
批次 374/500 | 已迁移: 37,400,000/50,000,000 (74.8%) | 速度: 2,970 条/秒 | 预计剩余: 70.7 分钟
批次 375/500 | 已迁移: 37,500,000/50,000,000 (75.0%) | 速度: 2,967 条/秒 | 预计剩余: 70.2 分钟
批次 376/500 | 已迁移: 37,600,000/50,000,000 (75.2%) | 速度: 2,964 条/秒 | 预计剩余: 69.7 分钟
批次 377/500 | 已迁移: 37,700,000/50,000,000 (75.4%) | 速度: 2,960 条/秒 | 预计剩余: 69.3 分钟
批次 378/500 | 已迁移: 37,800,000/50,000,000 (75.6%) | 速度: 2,957 条/秒 | 预计剩余: 68.8 分钟
批次 379/500 | 已迁移: 37,900,000/50,000,000 (75.8%) | 速度: 2,953 条/秒 | 预计剩余: 68.3 分钟
批次 380/500 | 已迁移: 38,000,000/50,000,000 (76.0%) | 速度: 2,949 条/秒 | 预计剩余: 67.8 分钟
批次 381/500 | 已迁移: 38,100,000/50,000,000 (76.2%) | 速度: 2,946 条/秒 | 预计剩余: 67.3 分钟
批次 382/500 | 已迁移: 38,200,000/50,000,000 (76.4%) | 速度: 2,943 条/秒 | 预计剩余: 66.8 分钟
批次 383/500 | 已迁移: 38,300,000/50,000,000 (76.6%) | 速度: 2,940 条/秒 | 预计剩余: 66.3 分钟
批次 384/500 | 已迁移: 38,400,000/50,000,000 (76.8%) | 速度: 2,936 条/秒 | 预计剩余: 65.8 分钟
批次 385/500 | 已迁移: 38,500,000/50,000,000 (77.0%) | 速度: 2,933 条/秒 | 预计剩余: 65.4 分钟
批次 386/500 | 已迁移: 38,600,000/50,000,000 (77.2%) | 速度: 2,929 条/秒 | 预计剩余: 64.9 分钟
批次 387/500 | 已迁移: 38,700,000/50,000,000 (77.4%) | 速度: 2,926 条/秒 | 预计剩余: 64.4 分钟
批次 388/500 | 已迁移: 38,800,000/50,000,000 (77.6%) | 速度: 2,922 条/秒 | 预计剩余: 63.9 分钟
批次 389/500 | 已迁移: 38,900,000/50,000,000 (77.8%) | 速度: 2,919 条/秒 | 预计剩余: 63.4 分钟
批次 390/500 | 已迁移: 39,000,000/50,000,000 (78.0%) | 速度: 2,916 条/秒 | 预计剩余: 62.9 分钟
批次 391/500 | 已迁移: 39,100,000/50,000,000 (78.2%) | 速度: 2,913 条/秒 | 预计剩余: 62.4 分钟
批次 392/500 | 已迁移: 39,200,000/50,000,000 (78.4%) | 速度: 2,909 条/秒 | 预计剩余: 61.9 分钟
批次 393/500 | 已迁移: 39,300,000/50,000,000 (78.6%) | 速度: 2,906 条/秒 | 预计剩余: 61.4 分钟
批次 394/500 | 已迁移: 39,400,000/50,000,000 (78.8%) | 速度: 2,903 条/秒 | 预计剩余: 60.9 分钟
批次 395/500 | 已迁移: 39,500,000/50,000,000 (79.0%) | 速度: 2,899 条/秒 | 预计剩余: 60.4 分钟
批次 396/500 | 已迁移: 39,600,000/50,000,000 (79.2%) | 速度: 2,896 条/秒 | 预计剩余: 59.8 分钟
批次 397/500 | 已迁移: 39,700,000/50,000,000 (79.4%) | 速度: 2,893 条/秒 | 预计剩余: 59.3 分钟
批次 398/500 | 已迁移: 39,800,000/50,000,000 (79.6%) | 速度: 2,890 条/秒 | 预计剩余: 58.8 分钟
批次 399/500 | 已迁移: 39,900,000/50,000,000 (79.8%) | 速度: 2,887 条/秒 | 预计剩余: 58.3 分钟
批次 400/500 | 已迁移: 40,000,000/50,000,000 (80.0%) | 速度: 2,884 条/秒 | 预计剩余: 57.8 分钟
批次 401/500 | 已迁移: 40,100,000/50,000,000 (80.2%) | 速度: 2,881 条/秒 | 预计剩余: 57.3 分钟
批次 402/500 | 已迁移: 40,200,000/50,000,000 (80.4%) | 速度: 2,878 条/秒 | 预计剩余: 56.8 分钟
批次 403/500 | 已迁移: 40,300,000/50,000,000 (80.6%) | 速度: 2,875 条/秒 | 预计剩余: 56.2 分钟
批次 404/500 | 已迁移: 40,400,000/50,000,000 (80.8%) | 速度: 2,871 条/秒 | 预计剩余: 55.7 分钟
批次 405/500 | 已迁移: 40,500,000/50,000,000 (81.0%) | 速度: 2,868 条/秒 | 预计剩余: 55.2 分钟
批次 406/500 | 已迁移: 40,600,000/50,000,000 (81.2%) | 速度: 2,865 条/秒 | 预计剩余: 54.7 分钟
批次 407/500 | 已迁移: 40,700,000/50,000,000 (81.4%) | 速度: 2,862 条/秒 | 预计剩余: 54.2 分钟
批次 408/500 | 已迁移: 40,800,000/50,000,000 (81.6%) | 速度: 2,859 条/秒 | 预计剩余: 53.6 分钟
批次 409/500 | 已迁移: 40,900,000/50,000,000 (81.8%) | 速度: 2,855 条/秒 | 预计剩余: 53.1 分钟
批次 410/500 | 已迁移: 41,000,000/50,000,000 (82.0%) | 速度: 2,852 条/秒 | 预计剩余: 52.6 分钟
批次 411/500 | 已迁移: 41,100,000/50,000,000 (82.2%) | 速度: 2,849 条/秒 | 预计剩余: 52.1 分钟
批次 412/500 | 已迁移: 41,200,000/50,000,000 (82.4%) | 速度: 2,845 条/秒 | 预计剩余: 51.5 分钟
批次 413/500 | 已迁移: 41,300,000/50,000,000 (82.6%) | 速度: 2,842 条/秒 | 预计剩余: 51.0 分钟
批次 414/500 | 已迁移: 41,400,000/50,000,000 (82.8%) | 速度: 2,838 条/秒 | 预计剩余: 50.5 分钟
批次 415/500 | 已迁移: 41,500,000/50,000,000 (83.0%) | 速度: 2,835 条/秒 | 预计剩余: 50.0 分钟
批次 416/500 | 已迁移: 41,600,000/50,000,000 (83.2%) | 速度: 2,831 条/秒 | 预计剩余: 49.4 分钟
批次 417/500 | 已迁移: 41,700,000/50,000,000 (83.4%) | 速度: 2,828 条/秒 | 预计剩余: 48.9 分钟
批次 418/500 | 已迁移: 41,800,000/50,000,000 (83.6%) | 速度: 2,825 条/秒 | 预计剩余: 48.4 分钟
批次 419/500 | 已迁移: 41,900,000/50,000,000 (83.8%) | 速度: 2,821 条/秒 | 预计剩余: 47.9 分钟
批次 420/500 | 已迁移: 42,000,000/50,000,000 (84.0%) | 速度: 2,817 条/秒 | 预计剩余: 47.3 分钟
批次 421/500 | 已迁移: 42,100,000/50,000,000 (84.2%) | 速度: 2,814 条/秒 | 预计剩余: 46.8 分钟
批次 422/500 | 已迁移: 42,200,000/50,000,000 (84.4%) | 速度: 2,811 条/秒 | 预计剩余: 46.3 分钟
批次 423/500 | 已迁移: 42,300,000/50,000,000 (84.6%) | 速度: 2,808 条/秒 | 预计剩余: 45.7 分钟
批次 424/500 | 已迁移: 42,400,000/50,000,000 (84.8%) | 速度: 2,805 条/秒 | 预计剩余: 45.2 分钟
批次 425/500 | 已迁移: 42,500,000/50,000,000 (85.0%) | 速度: 2,802 条/秒 | 预计剩余: 44.6 分钟
批次 426/500 | 已迁移: 42,600,000/50,000,000 (85.2%) | 速度: 2,799 条/秒 | 预计剩余: 44.1 分钟
批次 427/500 | 已迁移: 42,700,000/50,000,000 (85.4%) | 速度: 2,796 条/秒 | 预计剩余: 43.5 分钟
批次 428/500 | 已迁移: 42,800,000/50,000,000 (85.6%) | 速度: 2,793 条/秒 | 预计剩余: 43.0 分钟
批次 429/500 | 已迁移: 42,900,000/50,000,000 (85.8%) | 速度: 2,790 条/秒 | 预计剩余: 42.4 分钟
批次 430/500 | 已迁移: 43,000,000/50,000,000 (86.0%) | 速度: 2,787 条/秒 | 预计剩余: 41.9 分钟
批次 431/500 | 已迁移: 43,100,000/50,000,000 (86.2%) | 速度: 2,785 条/秒 | 预计剩余: 41.3 分钟
批次 432/500 | 已迁移: 43,200,000/50,000,000 (86.4%) | 速度: 2,782 条/秒 | 预计剩余: 40.7 分钟
批次 433/500 | 已迁移: 43,300,000/50,000,000 (86.6%) | 速度: 2,779 条/秒 | 预计剩余: 40.2 分钟
批次 434/500 | 已迁移: 43,400,000/50,000,000 (86.8%) | 速度: 2,776 条/秒 | 预计剩余: 39.6 分钟
批次 435/500 | 已迁移: 43,500,000/50,000,000 (87.0%) | 速度: 2,773 条/秒 | 预计剩余: 39.1 分钟
批次 436/500 | 已迁移: 43,600,000/50,000,000 (87.2%) | 速度: 2,771 条/秒 | 预计剩余: 38.5 分钟
批次 437/500 | 已迁移: 43,700,000/50,000,000 (87.4%) | 速度: 2,768 条/秒 | 预计剩余: 37.9 分钟
批次 438/500 | 已迁移: 43,800,000/50,000,000 (87.6%) | 速度: 2,765 条/秒 | 预计剩余: 37.4 分钟
批次 439/500 | 已迁移: 43,900,000/50,000,000 (87.8%) | 速度: 2,762 条/秒 | 预计剩余: 36.8 分钟
批次 440/500 | 已迁移: 44,000,000/50,000,000 (88.0%) | 速度: 2,759 条/秒 | 预计剩余: 36.2 分钟
批次 441/500 | 已迁移: 44,100,000/50,000,000 (88.2%) | 速度: 2,756 条/秒 | 预计剩余: 35.7 分钟
批次 442/500 | 已迁移: 44,200,000/50,000,000 (88.4%) | 速度: 2,754 条/秒 | 预计剩余: 35.1 分钟
批次 443/500 | 已迁移: 44,300,000/50,000,000 (88.6%) | 速度: 2,751 条/秒 | 预计剩余: 34.5 分钟
批次 444/500 | 已迁移: 44,400,000/50,000,000 (88.8%) | 速度: 2,749 条/秒 | 预计剩余: 34.0 分钟
批次 445/500 | 已迁移: 44,500,000/50,000,000 (89.0%) | 速度: 2,746 条/秒 | 预计剩余: 33.4 分钟
批次 446/500 | 已迁移: 44,600,000/50,000,000 (89.2%) | 速度: 2,744 条/秒 | 预计剩余: 32.8 分钟
批次 447/500 | 已迁移: 44,700,000/50,000,000 (89.4%) | 速度: 2,741 条/秒 | 预计剩余: 32.2 分钟
批次 448/500 | 已迁移: 44,800,000/50,000,000 (89.6%) | 速度: 2,738 条/秒 | 预计剩余: 31.7 分钟
批次 449/500 | 已迁移: 44,900,000/50,000,000 (89.8%) | 速度: 2,735 条/秒 | 预计剩余: 31.1 分钟
批次 450/500 | 已迁移: 45,000,000/50,000,000 (90.0%) | 速度: 2,733 条/秒 | 预计剩余: 30.5 分钟
批次 451/500 | 已迁移: 45,100,000/50,000,000 (90.2%) | 速度: 2,730 条/秒 | 预计剩余: 29.9 分钟
批次 452/500 | 已迁移: 45,200,000/50,000,000 (90.4%) | 速度: 2,727 条/秒 | 预计剩余: 29.3 分钟
批次 453/500 | 已迁移: 45,300,000/50,000,000 (90.6%) | 速度: 2,724 条/秒 | 预计剩余: 28.8 分钟
批次 454/500 | 已迁移: 45,400,000/50,000,000 (90.8%) | 速度: 2,721 条/秒 | 预计剩余: 28.2 分钟
批次 455/500 | 已迁移: 45,500,000/50,000,000 (91.0%) | 速度: 2,718 条/秒 | 预计剩余: 27.6 分钟
批次 456/500 | 已迁移: 45,600,000/50,000,000 (91.2%) | 速度: 2,715 条/秒 | 预计剩余: 27.0 分钟
批次 457/500 | 已迁移: 45,700,000/50,000,000 (91.4%) | 速度: 2,713 条/秒 | 预计剩余: 26.4 分钟
批次 458/500 | 已迁移: 45,800,000/50,000,000 (91.6%) | 速度: 2,710 条/秒 | 预计剩余: 25.8 分钟
批次 459/500 | 已迁移: 45,900,000/50,000,000 (91.8%) | 速度: 2,707 条/秒 | 预计剩余: 25.2 分钟
批次 460/500 | 已迁移: 46,000,000/50,000,000 (92.0%) | 速度: 2,705 条/秒 | 预计剩余: 24.6 分钟
批次 461/500 | 已迁移: 46,100,000/50,000,000 (92.2%) | 速度: 2,702 条/秒 | 预计剩余: 24.1 分钟
批次 462/500 | 已迁移: 46,200,000/50,000,000 (92.4%) | 速度: 2,699 条/秒 | 预计剩余: 23.5 分钟
批次 463/500 | 已迁移: 46,300,000/50,000,000 (92.6%) | 速度: 2,697 条/秒 | 预计剩余: 22.9 分钟
批次 464/500 | 已迁移: 46,400,000/50,000,000 (92.8%) | 速度: 2,694 条/秒 | 预计剩余: 22.3 分钟
批次 465/500 | 已迁移: 46,500,000/50,000,000 (93.0%) | 速度: 2,691 条/秒 | 预计剩余: 21.7 分钟
批次 466/500 | 已迁移: 46,600,000/50,000,000 (93.2%) | 速度: 2,689 条/秒 | 预计剩余: 21.1 分钟
批次 467/500 | 已迁移: 46,700,000/50,000,000 (93.4%) | 速度: 2,686 条/秒 | 预计剩余: 20.5 分钟
批次 468/500 | 已迁移: 46,800,000/50,000,000 (93.6%) | 速度: 2,683 条/秒 | 预计剩余: 19.9 分钟
批次 469/500 | 已迁移: 46,900,000/50,000,000 (93.8%) | 速度: 2,680 条/秒 | 预计剩余: 19.3 分钟
批次 470/500 | 已迁移: 47,000,000/50,000,000 (94.0%) | 速度: 2,678 条/秒 | 预计剩余: 18.7 分钟
批次 471/500 | 已迁移: 47,100,000/50,000,000 (94.2%) | 速度: 2,675 条/秒 | 预计剩余: 18.1 分钟
批次 472/500 | 已迁移: 47,200,000/50,000,000 (94.4%) | 速度: 2,673 条/秒 | 预计剩余: 17.5 分钟
批次 473/500 | 已迁移: 47,300,000/50,000,000 (94.6%) | 速度: 2,670 条/秒 | 预计剩余: 16.9 分钟
批次 474/500 | 已迁移: 47,400,000/50,000,000 (94.8%) | 速度: 2,668 条/秒 | 预计剩余: 16.2 分钟
批次 475/500 | 已迁移: 47,500,000/50,000,000 (95.0%) | 速度: 2,665 条/秒 | 预计剩余: 15.6 分钟
批次 476/500 | 已迁移: 47,600,000/50,000,000 (95.2%) | 速度: 2,663 条/秒 | 预计剩余: 15.0 分钟
批次 477/500 | 已迁移: 47,700,000/50,000,000 (95.4%) | 速度: 2,660 条/秒 | 预计剩余: 14.4 分钟
批次 478/500 | 已迁移: 47,800,000/50,000,000 (95.6%) | 速度: 2,657 条/秒 | 预计剩余: 13.8 分钟
批次 479/500 | 已迁移: 47,900,000/50,000,000 (95.8%) | 速度: 2,655 条/秒 | 预计剩余: 13.2 分钟
批次 480/500 | 已迁移: 48,000,000/50,000,000 (96.0%) | 速度: 2,652 条/秒 | 预计剩余: 12.6 分钟
批次 481/500 | 已迁移: 48,100,000/50,000,000 (96.2%) | 速度: 2,650 条/秒 | 预计剩余: 12.0 分钟
批次 482/500 | 已迁移: 48,200,000/50,000,000 (96.4%) | 速度: 2,647 条/秒 | 预计剩余: 11.3 分钟
批次 483/500 | 已迁移: 48,300,000/50,000,000 (96.6%) | 速度: 2,645 条/秒 | 预计剩余: 10.7 分钟
批次 484/500 | 已迁移: 48,400,000/50,000,000 (96.8%) | 速度: 2,642 条/秒 | 预计剩余: 10.1 分钟
批次 485/500 | 已迁移: 48,500,000/50,000,000 (97.0%) | 速度: 2,640 条/秒 | 预计剩余: 9.5 分钟
批次 486/500 | 已迁移: 48,600,000/50,000,000 (97.2%) | 速度: 2,637 条/秒 | 预计剩余: 8.8 分钟
批次 487/500 | 已迁移: 48,700,000/50,000,000 (97.4%) | 速度: 2,635 条/秒 | 预计剩余: 8.2 分钟
批次 488/500 | 已迁移: 48,800,000/50,000,000 (97.6%) | 速度: 2,632 条/秒 | 预计剩余: 7.6 分钟
批次 489/500 | 已迁移: 48,900,000/50,000,000 (97.8%) | 速度: 2,630 条/秒 | 预计剩余: 7.0 分钟
批次 490/500 | 已迁移: 49,000,000/50,000,000 (98.0%) | 速度: 2,627 条/秒 | 预计剩余: 6.3 分钟
批次 491/500 | 已迁移: 49,100,000/50,000,000 (98.2%) | 速度: 2,625 条/秒 | 预计剩余: 5.7 分钟
批次 492/500 | 已迁移: 49,200,000/50,000,000 (98.4%) | 速度: 2,622 条/秒 | 预计剩余: 5.1 分钟
批次 493/500 | 已迁移: 49,300,000/50,000,000 (98.6%) | 速度: 2,620 条/秒 | 预计剩余: 4.5 分钟
批次 494/500 | 已迁移: 49,400,000/50,000,000 (98.8%) | 速度: 2,617 条/秒 | 预计剩余: 3.8 分钟
批次 495/500 | 已迁移: 49,500,000/50,000,000 (99.0%) | 速度: 2,615 条/秒 | 预计剩余: 3.2 分钟
批次 496/500 | 已迁移: 49,600,000/50,000,000 (99.2%) | 速度: 2,612 条/秒 | 预计剩余: 2.6 分钟
批次 497/500 | 已迁移: 49,700,000/50,000,000 (99.4%) | 速度: 2,610 条/秒 | 预计剩余: 1.9 分钟
批次 498/500 | 已迁移: 49,800,000/50,000,000 (99.6%) | 速度: 2,608 条/秒 | 预计剩余: 1.3 分钟
批次 499/500 | 已迁移: 49,900,000/50,000,000 (99.8%) | 速度: 2,605 条/秒 | 预计剩余: 0.6 分钟
批次 500/500 | 已迁移: 50,000,000/50,000,000 (100.0%) | 速度: 2,602 条/秒 | 预计剩余: 0.0 分钟

✅ 迁移完成
   PostgreSQL: 50,000,000 条
   ClickHouse: 50,000,000 条
   ✅ 数据验证通过

================================================================================
✅ 所有数据迁移完成
================================================================================

运行以下命令查看最终状态：
    python3 check_migration_progress.py

启动应用：
    python main.py
================================================================================
